Frame: 1
Query: MFHLVDFQVTIAEILLIIMRTFKVSIWNLDYIINLIIKNLSKSLTENKYS
Length: 50
Subject: YP_009724394.1:1-61 ORF6 protein [organism=Severe acute respiratory syndrome coronavirus 2] [isolate=Wuhan-Hu-1]
Length: 61

Score: 248
E-value: 5.0891530032023966e-30

0  MFHLVDFQVTIAEILLIIMRTFKVSIWNLDYIINLIIKNLSKSLTENKYS  49
   ||||||||||||||||||||||||||||||||||||||||||||||||||    
0  MFHLVDFQVTIAEILLIIMRTFKVSIWNLDYIINLIIKNLSKSLTENKYS  49


Frame: -3
Query: NIYSQLVT
Length: 8
Subject: YP_009724389.1:1-7096 ORF1ab polyprotein [organism=Severe acute respiratory syndrome coronavirus 2] [isolate=Wuhan-Hu-1]
Length: 7096

Score: 21
E-value: 33.898411641649076

0     NIYSQLV  6   
      |***|*|      
1577  NLHTQVV  1583

2     YSQLV  6   
      ||||*      
2560  YSQLM  2564


Frame: -1
Query: RIFILS
Length: 6
Subject: YP_009724389.1:1-7096 ORF1ab polyprotein [organism=Severe acute respiratory syndrome coronavirus 2] [isolate=Wuhan-Hu-1]
Length: 7096

Score: 16
E-value: 126.38731069577798

1     IFIL  4   
      *|*|      
6106  VFVL  6109

1     IFILS  5   
      *|**|      
3083  LFLMS  3087


Frame: -1
Query: RIFILS
Length: 6
Subject: YP_009724391.1:1-275 ORF3a protein [organism=Severe acute respiratory syndrome coronavirus 2] [isolate=Wuhan-Hu-1]
Length: 275

Score: 15
E-value: 174.17910111920432

0  RIF  2
   |||   
5  RIF  7


Frame: 3
Query: VSSR
Length: 4
Subject: YP_009724389.1:1-7096 ORF1ab polyprotein [organism=Severe acute respiratory syndrome coronavirus 2] [isolate=Wuhan-Hu-1]
Length: 7096

Score: 13
E-value: 220.5412999039929

1     SSR  3   
      |||      
4754  SSR  4756


Frame: 3
Query: VSSR
Length: 4
Subject: YP_009724392.1:1-75 envelope protein [organism=Severe acute respiratory syndrome coronavirus 2] [isolate=Wuhan-Hu-1]
Length: 75

Score: 13
E-value: 220.5412999039929

1   SSR  3 
    |||    
66  SSR  68


Frame: 3
Query: VSSR
Length: 4
Subject: YP_009724397.2:1-419 nucleocapsid phosphoprotein [organism=Severe acute respiratory syndrome coronavirus 2] [isolate=Wuhan-Hu-1]
Length: 419

Score: 13
E-value: 220.5412999039929

1    SSR  3  
     |||     
182  SSR  184

1    SSR  3  
     |||     
186  SSR  188

1    SSR  3  
     |||     
192  SSR  194

1    SSR  3  
     |||     
200  SSR  202


Frame: 3
Query: VSSR
Length: 4
Subject: YP_009725307.1 RNA-dependent RNA polymerase [polyprotein_range=YP_009724389.1:4393-5324] [polyprotein=ORF1ab polyprotein] [organism=Severe acute respiratory syndrome coronavirus 2] [isolate=Wuhan-Hu-1]
Length: 932

Score: 13
E-value: 220.5412999039929

1    SSR  3  
     |||     
362  SSR  364


Frame: 3
Query: VSSR
Length: 4
Subject: YP_009724390.1:1-1273 surface glycoprotein [organism=Severe acute respiratory syndrome coronavirus 2] [isolate=Wuhan-Hu-1]
Length: 1273

Score: 12
E-value: 303.9362509216012

0   VSS  2 
    |||    
10  VSS  12


Frame: 3
Query: VSSR
Length: 4
Subject: YP_009725295.1:1-4405 ORF1a polyprotein [organism=Severe acute respiratory syndrome coronavirus 2] [isolate=Wuhan-Hu-1]
Length: 4405

Score: 12
E-value: 303.9362509216012

0     VSS  2   
      |||      
1186  VSS  1188

0     VSS  2   
      |||      
1476  VSS  1478


Frame: 3
Query: VSSR
Length: 4
Subject: YP_009725299.1 nsp3 [polyprotein_range=YP_009724389.1:819-2763] [polyprotein=ORF1ab polyprotein] [organism=Severe acute respiratory syndrome coronavirus 2] [isolate=Wuhan-Hu-1]
Length: 1945

Score: 12
E-value: 303.9362509216012

0    VSS  2  
     |||     
368  VSS  370

0    VSS  2  
     |||     
658  VSS  660


Frame: 3
Query: VSSR
Length: 4
Subject: YP_009725308.1 helicase [polyprotein_range=YP_009724389.1:5325-5925] [polyprotein=ORF1ab polyprotein] [organism=Severe acute respiratory syndrome coronavirus 2] [isolate=Wuhan-Hu-1]
Length: 601

Score: 12
E-value: 303.9362509216012

0    VSS  2  
     |||     
483  VSS  485


Frame: 3
Query: VSSR
Length: 4
Subject: YP_009742610.1 nsp3 [polyprotein_range=YP_009725295.1:819-2763] [polyprotein=ORF1a polyprotein] [organism=Severe acute respiratory syndrome coronavirus 2] [isolate=Wuhan-Hu-1]
Length: 1945

Score: 12
E-value: 303.9362509216012

0    VSS  2  
     |||     
368  VSS  370

0    VSS  2  
     |||     
658  VSS  660


Frame: -3
Query: NIYSQLVT
Length: 8
Subject: YP_009724392.1:1-75 envelope protein [organism=Severe acute respiratory syndrome coronavirus 2] [isolate=Wuhan-Hu-1]
Length: 75

Score: 13
E-value: 441.0825998079858

5   LVT  7 
    |||    
27  LVT  29


Frame: -3
Query: NIYSQLVT
Length: 8
Subject: YP_009725295.1:1-4405 ORF1a polyprotein [organism=Severe acute respiratory syndrome coronavirus 2] [isolate=Wuhan-Hu-1]
Length: 4405

Score: 13
E-value: 441.0825998079858

5     LVT  7   
      |||      
1444  LVT  1446


Frame: -3
Query: NIYSQLVT
Length: 8
Subject: YP_009725299.1 nsp3 [polyprotein_range=YP_009724389.1:819-2763] [polyprotein=ORF1ab polyprotein] [organism=Severe acute respiratory syndrome coronavirus 2] [isolate=Wuhan-Hu-1]
Length: 1945

Score: 13
E-value: 441.0825998079858

5    LVT  7  
     |||     
626  LVT  628


Frame: -3
Query: NIYSQLVT
Length: 8
Subject: YP_009725307.1 RNA-dependent RNA polymerase [polyprotein_range=YP_009724389.1:4393-5324] [polyprotein=ORF1ab polyprotein] [organism=Severe acute respiratory syndrome coronavirus 2] [isolate=Wuhan-Hu-1]
Length: 932

Score: 13
E-value: 441.0825998079858

5    LVT  7  
     |||     
145  LVT  147


Frame: -3
Query: NIYSQLVT
Length: 8
Subject: YP_009742610.1 nsp3 [polyprotein_range=YP_009725295.1:819-2763] [polyprotein=ORF1a polyprotein] [organism=Severe acute respiratory syndrome coronavirus 2] [isolate=Wuhan-Hu-1]
Length: 1945

Score: 13
E-value: 441.0825998079858

5    LVT  7  
     |||     
626  LVT  628


Frame: -1
Query: RIFILS
Length: 6
Subject: YP_009724390.1:1-1273 surface glycoprotein [organism=Severe acute respiratory syndrome coronavirus 2] [isolate=Wuhan-Hu-1]
Length: 1273

Score: 12
E-value: 455.9043763824018

3    ILS  5  
     |||     
979  ILS  981


Frame: -1
Query: RIFILS
Length: 6
Subject: YP_009725295.1:1-4405 ORF1a polyprotein [organism=Severe acute respiratory syndrome coronavirus 2] [isolate=Wuhan-Hu-1]
Length: 4405

Score: 12
E-value: 455.9043763824018

3    ILS  5  
     |||     
528  ILS  530


Frame: -1
Query: RIFILS
Length: 6
Subject: YP_009725298.1 nsp2 [polyprotein_range=YP_009724389.1:181-818] [polyprotein=ORF1ab polyprotein] [organism=Severe acute respiratory syndrome coronavirus 2] [isolate=Wuhan-Hu-1]
Length: 638

Score: 12
E-value: 455.9043763824018

3    ILS  5  
     |||     
348  ILS  350


Frame: -1
Query: RIFILS
Length: 6
Subject: YP_009725307.1 RNA-dependent RNA polymerase [polyprotein_range=YP_009724389.1:4393-5324] [polyprotein=ORF1ab polyprotein] [organism=Severe acute respiratory syndrome coronavirus 2] [isolate=Wuhan-Hu-1]
Length: 932

Score: 12
E-value: 455.9043763824018

3    ILS  5  
     |||     
756  ILS  758


Frame: -1
Query: RIFILS
Length: 6
Subject: YP_009725311.1 2'-O-ribose methyltransferase [polyprotein_range=YP_009724389.1:6799-7096] [polyprotein=ORF1ab polyprotein] [organism=Severe acute respiratory syndrome coronavirus 2] [isolate=Wuhan-Hu-1]
Length: 298

Score: 12
E-value: 455.9043763824018

3    ILS  5  
     |||     
270  ILS  272


Frame: -1
Query: RIFILS
Length: 6
Subject: YP_009742609.1 nsp2 [polyprotein_range=YP_009725295.1:181-818] [polyprotein=ORF1a polyprotein] [organism=Severe acute respiratory syndrome coronavirus 2] [isolate=Wuhan-Hu-1]
Length: 638

Score: 12
E-value: 455.9043763824018

3    ILS  5  
     |||     
348  ILS  350


Frame: 1
Query: MFHLVDFQVTIAEILLIIMRTFKVSIWNLDYIINLIIKNLSKSLTENKYS
Length: 50
Subject: YP_009724389.1:1-7096 ORF1ab polyprotein [organism=Severe acute respiratory syndrome coronavirus 2] [isolate=Wuhan-Hu-1]
Length: 7096

Score: 16
E-value: 1053.2275891314832

47    KYS  49  
      |||      
5599  KYS  5601


Frame: 1
Query: MFHLVDFQVTIAEILLIIMRTFKVSIWNLDYIINLIIKNLSKSLTENKYS
Length: 50
Subject: YP_009725308.1 helicase [polyprotein_range=YP_009724389.1:5325-5925] [polyprotein=ORF1ab polyprotein] [organism=Severe acute respiratory syndrome coronavirus 2] [isolate=Wuhan-Hu-1]
Length: 601

Score: 16
E-value: 1053.2275891314832

47   KYS  49 
     |||     
275  KYS  277


