Frame: 1
Query: MKIILFLALITLATCELYHYQECVRGTTVLLKEPCSSGTYEGNSPFHPLA
Length: 50
Subject: YP_009724395.1:1-121 ORF7a protein [organism=Severe acute respiratory syndrome coronavirus 2] [isolate=Wuhan-Hu-1]
Length: 121

Score: 267
E-value: 1.1483826929994845e-32

0    MKIILFLALITLATCELYHYQECVRGTTVLLKEPCSSGTYEGNSPFHPLA   49
     ||||||||||||||||||||||||||||||||||||||||||||||||||     
0    MKIILFLALITLATCELYHYQECVRGTTVLLKEPCSSGTYEGNSPFHPLA   49


Frame: -3
Query: LEDEMVNCPRMFQKSKVLLKVLLYL
Length: 25
Subject: YP_009724389.1:1-7096 ORF1ab polyprotein [organism=Severe acute respiratory syndrome coronavirus 2] [isolate=Wuhan-Hu-1]
Length: 7096

Score: 32
E-value: 3.110363008122207

2    DEMVNCPR    9
     |**|*|||     
186  DDVVYCPR  193


Frame: -3
Query: LEDEMVNCPRMFQKSKVLLKVLLYL
Length: 25
Subject: YP_009725295.1:1-4405 ORF1a polyprotein [organism=Severe acute respiratory syndrome coronavirus 2] [isolate=Wuhan-Hu-1]
Length: 4405

Score: 32
E-value: 3.110363008122207

2    DEMVNCPR    9
     |**|*|||     
186  DDVVYCPR  193


Frame: -2
Query: ARG
Length: 3
Subject: YP_009724389.1:1-7096 ORF1ab polyprotein [organism=Severe acute respiratory syndrome coronavirus 2] [isolate=Wuhan-Hu-1]
Length: 7096

Score: 15
E-value: 87.08955055960216

0    ARG    2
     |||     
0    ARG    2


Frame: -2
Query: ARG
Length: 3
Subject: YP_009725295.1:1-4405 ORF1a polyprotein [organism=Severe acute respiratory syndrome coronavirus 2] [isolate=Wuhan-Hu-1]
Length: 4405

Score: 15
E-value: 87.08955055960216

0    ARG    2
     |||     
0    ARG    2


Frame: -2
Query: ARG
Length: 3
Subject: YP_009725302.1 nsp6 [polyprotein_range=YP_009724389.1:3570-3859] [polyprotein=ORF1ab polyprotein] [organism=Severe acute respiratory syndrome coronavirus 2] [isolate=Wuhan-Hu-1]
Length: 290

Score: 15
E-value: 87.08955055960216

0    ARG    2
     |||     
0    ARG    2


Frame: -2
Query: ARG
Length: 3
Subject: YP_009742613.1 nsp6 [polyprotein_range=YP_009725295.1:3570-3859] [polyprotein=ORF1a polyprotein] [organism=Severe acute respiratory syndrome coronavirus 2] [isolate=Wuhan-Hu-1]
Length: 290

Score: 15
E-value: 87.08955055960216

0    ARG    2
     |||     
0    ARG    2


Frame: 3
Query: ENYSFLGTDNTRYL
Length: 14
Subject: YP_009724389.1:1-7096 ORF1ab polyprotein [organism=Severe acute respiratory syndrome coronavirus 2] [isolate=Wuhan-Hu-1]
Length: 7096

Score: 16
E-value: 294.90372495681527

11   RYL   13
     |||     
0    RYL    2


Frame: 3
Query: ENYSFLGTDNTRYL
Length: 14
Subject: YP_009725295.1:1-4405 ORF1a polyprotein [organism=Severe acute respiratory syndrome coronavirus 2] [isolate=Wuhan-Hu-1]
Length: 4405

Score: 16
E-value: 294.90372495681527

11   RYL   13
     |||     
0    RYL    2


Frame: 3
Query: ENYSFLGTDNTRYL
Length: 14
Subject: YP_009725300.1 nsp4 [polyprotein_range=YP_009724389.1:2764-3263] [polyprotein=ORF1ab polyprotein] [organism=Severe acute respiratory syndrome coronavirus 2] [isolate=Wuhan-Hu-1]
Length: 500

Score: 16
E-value: 294.90372495681527

11   RYL   13
     |||     
0    RYL    2


Frame: 3
Query: ENYSFLGTDNTRYL
Length: 14
Subject: YP_009742611.1 nsp4 [polyprotein_range=YP_009725295.1:2764-3263] [polyprotein=ORF1a polyprotein] [organism=Severe acute respiratory syndrome coronavirus 2] [isolate=Wuhan-Hu-1]
Length: 500

Score: 16
E-value: 294.90372495681527

11   RYL   13
     |||     
0    RYL    2


Frame: -3
Query: LEDEMVNCPRMFQKSKVLLKVLLYL
Length: 25
Subject: YP_009725301.1 3C-like proteinase [polyprotein_range=YP_009724389.1:3264-3569] [polyprotein=ORF1ab polyprotein] [organism=Severe acute respiratory syndrome coronavirus 2] [isolate=Wuhan-Hu-1]
Length: 306

Score: 15
E-value: 725.7462546633512

0    LED    2
     |||     
0    LED    2


Frame: -3
Query: LEDEMVNCPRMFQKSKVLLKVLLYL
Length: 25
Subject: YP_009725310.1 endoRNAse [polyprotein_range=YP_009724389.1:6453-6798] [polyprotein=ORF1ab polyprotein] [organism=Severe acute respiratory syndrome coronavirus 2] [isolate=Wuhan-Hu-1]
Length: 346

Score: 15
E-value: 725.7462546633512

0    LED    2
     |||     
0    LED    2


Frame: -3
Query: LEDEMVNCPRMFQKSKVLLKVLLYL
Length: 25
Subject: YP_009742612.1 3C-like proteinase [polyprotein_range=YP_009725295.1:3264-3569] [polyprotein=ORF1a polyprotein] [organism=Severe acute respiratory syndrome coronavirus 2] [isolate=Wuhan-Hu-1]
Length: 306

Score: 15
E-value: 725.7462546633512

0    LED    2
     |||     
0    LED    2


Frame: -3
Query: LEDEMVNCPRMFQKSKVLLKVLLYL
Length: 25
Subject: YP_009724391.1:1-275 ORF3a protein [organism=Severe acute respiratory syndrome coronavirus 2] [isolate=Wuhan-Hu-1]
Length: 275

Score: 15
E-value: 725.7462546633512

22   LYL   24
     |||     
0    LYL    2


Frame: -3
Query: LEDEMVNCPRMFQKSKVLLKVLLYL
Length: 25
Subject: YP_009725300.1 nsp4 [polyprotein_range=YP_009724389.1:2764-3263] [polyprotein=ORF1ab polyprotein] [organism=Severe acute respiratory syndrome coronavirus 2] [isolate=Wuhan-Hu-1]
Length: 500

Score: 15
E-value: 725.7462546633512

22   LYL   24
     |||     
0    LYL    2


Frame: -3
Query: LEDEMVNCPRMFQKSKVLLKVLLYL
Length: 25
Subject: YP_009725307.1 RNA-dependent RNA polymerase [polyprotein_range=YP_009724389.1:4393-5324] [polyprotein=ORF1ab polyprotein] [organism=Severe acute respiratory syndrome coronavirus 2] [isolate=Wuhan-Hu-1]
Length: 932

Score: 15
E-value: 725.7462546633512

22   LYL   24
     |||     
0    LYL    2


Frame: -3
Query: LEDEMVNCPRMFQKSKVLLKVLLYL
Length: 25
Subject: YP_009725308.1 helicase [polyprotein_range=YP_009724389.1:5325-5925] [polyprotein=ORF1ab polyprotein] [organism=Severe acute respiratory syndrome coronavirus 2] [isolate=Wuhan-Hu-1]
Length: 601

Score: 15
E-value: 725.7462546633512

22   LYL   24
     |||     
0    LYL    2


Frame: -3
Query: LEDEMVNCPRMFQKSKVLLKVLLYL
Length: 25
Subject: YP_009725309.1 3'-to-5' exonuclease [polyprotein_range=YP_009724389.1:5926-6452] [polyprotein=ORF1ab polyprotein] [organism=Severe acute respiratory syndrome coronavirus 2] [isolate=Wuhan-Hu-1]
Length: 527

Score: 15
E-value: 725.7462546633512

22   LYL   24
     |||     
0    LYL    2


Frame: -3
Query: LEDEMVNCPRMFQKSKVLLKVLLYL
Length: 25
Subject: YP_009742611.1 nsp4 [polyprotein_range=YP_009725295.1:2764-3263] [polyprotein=ORF1a polyprotein] [organism=Severe acute respiratory syndrome coronavirus 2] [isolate=Wuhan-Hu-1]
Length: 500

Score: 15
E-value: 725.7462546633512

22   LYL   24
     |||     
0    LYL    2


