Frame: 1
Query: SGRWVLNNDYYRSLPGVFCGVDAVNLLTNMFTPLIQPIGALDISASIVAG
Length: 50
Subject: YP_009724389.1:1-7096 ORF1ab polyprotein [organism=Severe acute respiratory syndrome coronavirus 2] [isolate=Wuhan-Hu-1]
Length: 7096

Score: 261
E-value: 7.867596366933884e-32

0     SGRWVLNNDYYRSLPGVFCGVDAVNLLTNMFTPLIQPIGALDISASIVAG  49  
      ||||||||||||||||||||||||||||||||||||||||||||||||||      
3000  SGRWVLNNDYYRSLPGVFCGVDAVNLLTNMFTPLIQPIGALDISASIVAG  3049


Frame: 1
Query: SGRWVLNNDYYRSLPGVFCGVDAVNLLTNMFTPLIQPIGALDISASIVAG
Length: 50
Subject: YP_009725295.1:1-4405 ORF1a polyprotein [organism=Severe acute respiratory syndrome coronavirus 2] [isolate=Wuhan-Hu-1]
Length: 4405

Score: 261
E-value: 7.867596366933884e-32

0     SGRWVLNNDYYRSLPGVFCGVDAVNLLTNMFTPLIQPIGALDISASIVAG  49  
      ||||||||||||||||||||||||||||||||||||||||||||||||||      
3000  SGRWVLNNDYYRSLPGVFCGVDAVNLLTNMFTPLIQPIGALDISASIVAG  3049


Frame: 1
Query: SGRWVLNNDYYRSLPGVFCGVDAVNLLTNMFTPLIQPIGALDISASIVAG
Length: 50
Subject: YP_009725300.1 nsp4 [polyprotein_range=YP_009724389.1:2764-3263] [polyprotein=ORF1ab polyprotein] [organism=Severe acute respiratory syndrome coronavirus 2] [isolate=Wuhan-Hu-1]
Length: 500

Score: 261
E-value: 7.867596366933884e-32

0    SGRWVLNNDYYRSLPGVFCGVDAVNLLTNMFTPLIQPIGALDISASIVAG  49 
     ||||||||||||||||||||||||||||||||||||||||||||||||||     
237  SGRWVLNNDYYRSLPGVFCGVDAVNLLTNMFTPLIQPIGALDISASIVAG  286


Frame: 1
Query: SGRWVLNNDYYRSLPGVFCGVDAVNLLTNMFTPLIQPIGALDISASIVAG
Length: 50
Subject: YP_009742611.1 nsp4 [polyprotein_range=YP_009725295.1:2764-3263] [polyprotein=ORF1a polyprotein] [organism=Severe acute respiratory syndrome coronavirus 2] [isolate=Wuhan-Hu-1]
Length: 500

Score: 261
E-value: 7.867596366933884e-32

0    SGRWVLNNDYYRSLPGVFCGVDAVNLLTNMFTPLIQPIGALDISASIVAG  49 
     ||||||||||||||||||||||||||||||||||||||||||||||||||     
237  SGRWVLNNDYYRSLPGVFCGVDAVNLLTNMFTPLIQPIGALDISASIVAG  286


Frame: 1
Query: SGRWVLNNDYYRSLPGVFCGVDAVNLLTNMFTPLIQPIGALDISASIVAG
Length: 50
Subject: YP_009725307.1 RNA-dependent RNA polymerase [polyprotein_range=YP_009724389.1:4393-5324] [polyprotein=ORF1ab polyprotein] [organism=Severe acute respiratory syndrome coronavirus 2] [isolate=Wuhan-Hu-1]
Length: 932

Score: 35
E-value: 2.3766397559418677

0    SGRWVLNNDYYRSLPGVFCGVDAVNLLTNMFTPLIQPIGALDISASI  46 
     *|*|****|*****||  *||**|********|******||******     
212  NGNWYDFGDFIQTTPG__SGVPVVDSYYSLLMPILTLTRALTAESHV  256


Frame: 2
Query: VVDGYLTMIITDLYQEFSVV
Length: 20
Subject: YP_009724389.1:1-7096 ORF1ab polyprotein [organism=Severe acute respiratory syndrome coronavirus 2] [isolate=Wuhan-Hu-1]
Length: 7096

Score: 29
E-value: 6.512965555243642

1     VDGYLTMIIT  10  
      |*||**|*||      
5990  VNGYPNMFIT  5999


Frame: 2
Query: VVDGYLTMIITDLYQEFSVV
Length: 20
Subject: YP_009725307.1 RNA-dependent RNA polymerase [polyprotein_range=YP_009724389.1:4393-5324] [polyprotein=ORF1ab polyprotein] [organism=Severe acute respiratory syndrome coronavirus 2] [isolate=Wuhan-Hu-1]
Length: 932

Score: 26
E-value: 17.04733507512649

0    VVDGYLTMII  9  
     |||*|*****     
232  VVDSYYSLLM  241

0    VVDGYLTMIITDL  12 
     |||*|*******|     
232  VVDSYYSLLMPIL  244


Frame: -2
Query: PATIDADMSKAPIG
Length: 14
Subject: YP_009724389.1:1-7096 ORF1ab polyprotein [organism=Severe acute respiratory syndrome coronavirus 2] [isolate=Wuhan-Hu-1]
Length: 7096

Score: 24
E-value: 22.664162829351298

1     ATIDADMSK  9   
      ||**|***|      
2613  ATAEAELAK  2621


Frame: -2
Query: PATIDADMSKAPIG
Length: 14
Subject: YP_009725295.1:1-4405 ORF1a polyprotein [organism=Severe acute respiratory syndrome coronavirus 2] [isolate=Wuhan-Hu-1]
Length: 4405

Score: 24
E-value: 22.664162829351298

1     ATIDADMSK  9   
      ||**|***|      
2613  ATAEAELAK  2621


Frame: 2
Query: VVDGYLTMIITDLYQEFSVV
Length: 20
Subject: YP_009725295.1:1-4405 ORF1a polyprotein [organism=Severe acute respiratory syndrome coronavirus 2] [isolate=Wuhan-Hu-1]
Length: 4405

Score: 23
E-value: 44.620477522664636

2     DGYLT  6   
      *||||      
1486  NGYLT  1490

4     YLTMIITD  11  
      |||***|*      
3110  YLTFYLTN  3117

0     VVDGYLTMIITDLYQEF  16  
      |**|******|*|***|      
3047  VAGGIVAIVVTCLAYYF  3063


Frame: 2
Query: VVDGYLTMIITDLYQEFSVV
Length: 20
Subject: YP_009725299.1 nsp3 [polyprotein_range=YP_009724389.1:819-2763] [polyprotein=ORF1ab polyprotein] [organism=Severe acute respiratory syndrome coronavirus 2] [isolate=Wuhan-Hu-1]
Length: 1945

Score: 23
E-value: 44.620477522664636

2    DGYLT  6  
     *||||     
668  NGYLT  672


Frame: 2
Query: VVDGYLTMIITDLYQEFSVV
Length: 20
Subject: YP_009742610.1 nsp3 [polyprotein_range=YP_009725295.1:819-2763] [polyprotein=ORF1a polyprotein] [organism=Severe acute respiratory syndrome coronavirus 2] [isolate=Wuhan-Hu-1]
Length: 1945

Score: 23
E-value: 44.620477522664636

2    DGYLT  6  
     *||||     
668  NGYLT  672


Frame: -2
Query: PATIDADMSKAPIG
Length: 14
Subject: YP_009724390.1:1-1273 surface glycoprotein [organism=Severe acute respiratory syndrome coronavirus 2] [isolate=Wuhan-Hu-1]
Length: 1273

Score: 20
E-value: 81.75418057447274

0    PATIDAD  6  
     |**|*||     
620  PVAIHAD  626

0    PATIDADM  7  
     |**|*||*     
620  PVAIHADQ  627


Frame: -1
Query: TSYYRC
Length: 6
Subject: YP_009724389.1:1-7096 ORF1ab polyprotein [organism=Severe acute respiratory syndrome coronavirus 2] [isolate=Wuhan-Hu-1]
Length: 7096

Score: 16
E-value: 126.38731069577798

0     TSY  2   
      |||      
3223  TSY  3225


Frame: -1
Query: TSYYRC
Length: 6
Subject: YP_009725295.1:1-4405 ORF1a polyprotein [organism=Severe acute respiratory syndrome coronavirus 2] [isolate=Wuhan-Hu-1]
Length: 4405

Score: 16
E-value: 126.38731069577798

0     TSY  2   
      |||      
3223  TSY  3225


Frame: -1
Query: TSYYRC
Length: 6
Subject: YP_009725300.1 nsp4 [polyprotein_range=YP_009724389.1:2764-3263] [polyprotein=ORF1ab polyprotein] [organism=Severe acute respiratory syndrome coronavirus 2] [isolate=Wuhan-Hu-1]
Length: 500

Score: 16
E-value: 126.38731069577798

0    TSY  2  
     |||     
460  TSY  462


Frame: -1
Query: TSYYRC
Length: 6
Subject: YP_009742611.1 nsp4 [polyprotein_range=YP_009725295.1:2764-3263] [polyprotein=ORF1a polyprotein] [organism=Severe acute respiratory syndrome coronavirus 2] [isolate=Wuhan-Hu-1]
Length: 500

Score: 16
E-value: 126.38731069577798

0    TSY  2  
     |||     
460  TSY  462


Frame: -3
Query: QLL
Length: 3
Subject: YP_009724389.1:1-7096 ORF1ab polyprotein [organism=Severe acute respiratory syndrome coronavirus 2] [isolate=Wuhan-Hu-1]
Length: 7096

Score: 13
E-value: 165.40597492799466

0     QLL  2   
      |||      
1128  QLL  1130

0     QLL  2   
      |||      
4859  QLL  4861


Frame: -3
Query: QLL
Length: 3
Subject: YP_009725295.1:1-4405 ORF1a polyprotein [organism=Severe acute respiratory syndrome coronavirus 2] [isolate=Wuhan-Hu-1]
Length: 4405

Score: 13
E-value: 165.40597492799466

0     QLL  2   
      |||      
1128  QLL  1130


Frame: -3
Query: QLL
Length: 3
Subject: YP_009725299.1 nsp3 [polyprotein_range=YP_009724389.1:819-2763] [polyprotein=ORF1ab polyprotein] [organism=Severe acute respiratory syndrome coronavirus 2] [isolate=Wuhan-Hu-1]
Length: 1945

Score: 13
E-value: 165.40597492799466

0    QLL  2  
     |||     
310  QLL  312


Frame: -3
Query: QLL
Length: 3
Subject: YP_009725307.1 RNA-dependent RNA polymerase [polyprotein_range=YP_009724389.1:4393-5324] [polyprotein=ORF1ab polyprotein] [organism=Severe acute respiratory syndrome coronavirus 2] [isolate=Wuhan-Hu-1]
Length: 932

Score: 13
E-value: 165.40597492799466

0    QLL  2  
     |||     
467  QLL  469


Frame: -3
Query: QLL
Length: 3
Subject: YP_009742610.1 nsp3 [polyprotein_range=YP_009725295.1:819-2763] [polyprotein=ORF1a polyprotein] [organism=Severe acute respiratory syndrome coronavirus 2] [isolate=Wuhan-Hu-1]
Length: 1945

Score: 13
E-value: 165.40597492799466

0    QLL  2  
     |||     
310  QLL  312


Frame: -2
Query: PATIDADMSKAPIG
Length: 14
Subject: YP_009725300.1 nsp4 [polyprotein_range=YP_009724389.1:2764-3263] [polyprotein=ORF1ab polyprotein] [organism=Severe acute respiratory syndrome coronavirus 2] [isolate=Wuhan-Hu-1]
Length: 500

Score: 17
E-value: 213.9871458284256

11   PIG  13 
     |||     
273  PIG  275


Frame: -2
Query: PATIDADMSKAPIG
Length: 14
Subject: YP_009742611.1 nsp4 [polyprotein_range=YP_009725295.1:2764-3263] [polyprotein=ORF1a polyprotein] [organism=Severe acute respiratory syndrome coronavirus 2] [isolate=Wuhan-Hu-1]
Length: 500

Score: 17
E-value: 213.9871458284256

11   PIG  13 
     |||     
273  PIG  275


Frame: -2
Query: PATIDADMSKAPIG
Length: 14
Subject: YP_009725299.1 nsp3 [polyprotein_range=YP_009724389.1:819-2763] [polyprotein=ORF1ab polyprotein] [organism=Severe acute respiratory syndrome coronavirus 2] [isolate=Wuhan-Hu-1]
Length: 1945

Score: 16
E-value: 294.90372495681527

0    PAT  2  
     |||     
653  PAT  655


Frame: -2
Query: PATIDADMSKAPIG
Length: 14
Subject: YP_009742610.1 nsp3 [polyprotein_range=YP_009725295.1:819-2763] [polyprotein=ORF1a polyprotein] [organism=Severe acute respiratory syndrome coronavirus 2] [isolate=Wuhan-Hu-1]
Length: 1945

Score: 16
E-value: 294.90372495681527

0    PAT  2  
     |||     
653  PAT  655


Frame: 2
Query: VVDGYLTMIITDLYQEFSVV
Length: 20
Subject: YP_009724396.1:1-121 ORF8 protein [organism=Severe acute respiratory syndrome coronavirus 2] [isolate=Wuhan-Hu-1]
Length: 121

Score: 14
E-value: 800.1425433106526

0   VVD  2 
    |||    
31  VVD  33


Frame: 2
Query: VVDGYLTMIITDLYQEFSVV
Length: 20
Subject: YP_009725304.1 nsp8 [polyprotein_range=YP_009724389.1:3943-4140] [polyprotein=ORF1ab polyprotein] [organism=Severe acute respiratory syndrome coronavirus 2] [isolate=Wuhan-Hu-1]
Length: 198

Score: 14
E-value: 800.1425433106526

0    VVD  2  
     |||     
158  VVD  160


Frame: 2
Query: VVDGYLTMIITDLYQEFSVV
Length: 20
Subject: YP_009742615.1 nsp8 [polyprotein_range=YP_009725295.1:3943-4140] [polyprotein=ORF1a polyprotein] [organism=Severe acute respiratory syndrome coronavirus 2] [isolate=Wuhan-Hu-1]
Length: 198

Score: 14
E-value: 800.1425433106526

0    VVD  2  
     |||     
158  VVD  160


Frame: 2
Query: VVDGYLTMIITDLYQEFSVV
Length: 20
Subject: YP_009724390.1:1-1273 surface glycoprotein [organism=Severe acute respiratory syndrome coronavirus 2] [isolate=Wuhan-Hu-1]
Length: 1273

Score: 12
E-value: 1519.681254608006

17    SVV  19  
      |||      
1174  SVV  1176


Frame: 2
Query: VVDGYLTMIITDLYQEFSVV
Length: 20
Subject: YP_009725303.1 nsp7 [polyprotein_range=YP_009724389.1:3860-3942] [polyprotein=ORF1ab polyprotein] [organism=Severe acute respiratory syndrome coronavirus 2] [isolate=Wuhan-Hu-1]
Length: 83

Score: 12
E-value: 1519.681254608006

17  SVV  19
   |||    
9  SVV  11


Frame: 2
Query: VVDGYLTMIITDLYQEFSVV
Length: 20
Subject: YP_009725308.1 helicase [polyprotein_range=YP_009724389.1:5325-5925] [polyprotein=ORF1ab polyprotein] [organism=Severe acute respiratory syndrome coronavirus 2] [isolate=Wuhan-Hu-1]
Length: 601

Score: 12
E-value: 1519.681254608006

17   SVV  19 
     |||     
384  SVV  386


Frame: 2
Query: VVDGYLTMIITDLYQEFSVV
Length: 20
Subject: YP_009725310.1 endoRNAse [polyprotein_range=YP_009724389.1:6453-6798] [polyprotein=ORF1ab polyprotein] [organism=Severe acute respiratory syndrome coronavirus 2] [isolate=Wuhan-Hu-1]
Length: 346

Score: 12
E-value: 1519.681254608006

17   SVV  19 
     |||     
311  SVV  313


Frame: 2
Query: VVDGYLTMIITDLYQEFSVV
Length: 20
Subject: YP_009742614.1 nsp7 [polyprotein_range=YP_009725295.1:3860-3942] [polyprotein=ORF1a polyprotein] [organism=Severe acute respiratory syndrome coronavirus 2] [isolate=Wuhan-Hu-1]
Length: 83

Score: 12
E-value: 1519.681254608006

17  SVV  19
   |||    
9  SVV  11


Frame: 1
Query: SGRWVLNNDYYRSLPGVFCGVDAVNLLTNMFTPLIQPIGALDISASIVAG
Length: 50
Subject: YP_009724393.1:1-222 membrane glycoprotein [organism=Severe acute respiratory syndrome coronavirus 2] [isolate=Wuhan-Hu-1]
Length: 222

Score: 14
E-value: 2000.3563582766315

47   VAG  49 
     |||     
186  VAG  188


Frame: 1
Query: SGRWVLNNDYYRSLPGVFCGVDAVNLLTNMFTPLIQPIGALDISASIVAG
Length: 50
Subject: YP_009725299.1 nsp3 [polyprotein_range=YP_009724389.1:819-2763] [polyprotein=ORF1ab polyprotein] [organism=Severe acute respiratory syndrome coronavirus 2] [isolate=Wuhan-Hu-1]
Length: 1945

Score: 14
E-value: 2000.3563582766315

47   VAG  49 
     |||     
252  VAG  254


Frame: 1
Query: SGRWVLNNDYYRSLPGVFCGVDAVNLLTNMFTPLIQPIGALDISASIVAG
Length: 50
Subject: YP_009742610.1 nsp3 [polyprotein_range=YP_009725295.1:819-2763] [polyprotein=ORF1a polyprotein] [organism=Severe acute respiratory syndrome coronavirus 2] [isolate=Wuhan-Hu-1]
Length: 1945

Score: 14
E-value: 2000.3563582766315

47   VAG  49 
     |||     
252  VAG  254


