Frame: 1
Query: MYSFVSEETGTLIVNSVLLFLAFVVFLLVTLAILTALRLCAYCCNIVNVS
Length: 50
Subject: YP_009724392.1:1-75 envelope protein [organism=Severe acute respiratory syndrome coronavirus 2] [isolate=Wuhan-Hu-1]
Length: 75

Score: 245
E-value: 1.3320582729679725e-29

0  MYSFVSEETGTLIVNSVLLFLAFVVFLLVTLAILTALRLCAYCCNIVNVS  49
   ||||||||||||||||||||||||||||||||||||||||||||||||||    
0  MYSFVSEETGTLIVNSVLLFLAFVVFLLVTLAILTALRLCAYCCNIVNVS  49


Frame: -2
Query: LTLTILQQYAHNRSAVRMASVTSKNTTKARKRSTLLTINVPVSSETNEY
Length: 49
Subject: YP_009724389.1:1-7096 ORF1ab polyprotein [organism=Severe acute respiratory syndrome coronavirus 2] [isolate=Wuhan-Hu-1]
Length: 7096

Score: 35
E-value: 2.329106960823031

1     TLTILQQYAHNRSAVRMASVTSKNT  25  
      |*|****|**|*********|||*|      
1819  TFTCASEYTGNYQCGHYKHITSKET  1843


Frame: -2
Query: LTLTILQQYAHNRSAVRMASVTSKNTTKARKRSTLLTINVPVSSETNEY
Length: 49
Subject: YP_009725295.1:1-4405 ORF1a polyprotein [organism=Severe acute respiratory syndrome coronavirus 2] [isolate=Wuhan-Hu-1]
Length: 4405

Score: 35
E-value: 2.329106960823031

1     TLTILQQYAHNRSAVRMASVTSKNT  25  
      |*|****|**|*********|||*|      
1819  TFTCASEYTGNYQCGHYKHITSKET  1843


Frame: 1
Query: MYSFVSEETGTLIVNSVLLFLAFVVFLLVTLAILTALRLCAYCCNIVNVS
Length: 50
Subject: YP_009724389.1:1-7096 ORF1ab polyprotein [organism=Severe acute respiratory syndrome coronavirus 2] [isolate=Wuhan-Hu-1]
Length: 7096

Score: 34
E-value: 3.2753365357266726

13    VNSVLLFLAFVVFLLVTLAILT  34  
      |**|*||*|****|********      
2775  VTLVFLFVAAIFYLITPVHVMS  2796


Frame: 3
Query: VLIRFGRDRYVNS
Length: 13
Subject: YP_009724389.1:1-7096 ORF1ab polyprotein [organism=Severe acute respiratory syndrome coronavirus 2] [isolate=Wuhan-Hu-1]
Length: 7096

Score: 23
E-value: 29.00331038973201

6     RDRYVNS  12  
      |**|*||      
2266  REGYLNS  2272

7     DRYVNS  12  
      |*|||*      
2591  DAYVNT  2596

8     RYVNS  12  
      ||*||      
3820  RYMNS  3824


Frame: -1
Query: THVNNIAAVRTQSKRSKDG
Length: 19
Subject: YP_009724389.1:1-7096 ORF1ab polyprotein [organism=Severe acute respiratory syndrome coronavirus 2] [isolate=Wuhan-Hu-1]
Length: 7096

Score: 24
E-value: 30.758506696976763

1     HVNN  4   
      ||||      
1992  HVNN  1995

9     RTQSKRSK  16  
      |***||*|      
4016  RSEDKRAK  4023


Frame: 2
Query: CTHSFRKRQVR
Length: 11
Subject: YP_009724389.1:1-7096 ORF1ab polyprotein [organism=Severe acute respiratory syndrome coronavirus 2] [isolate=Wuhan-Hu-1]
Length: 7096

Score: 22
E-value: 33.821236032256664

0     CTH  2   
      |||      
4298  CTH  4300


Frame: 2
Query: CTHSFRKRQVR
Length: 11
Subject: YP_009725295.1:1-4405 ORF1a polyprotein [organism=Severe acute respiratory syndrome coronavirus 2] [isolate=Wuhan-Hu-1]
Length: 4405

Score: 22
E-value: 33.821236032256664

0     CTH  2   
      |||      
4298  CTH  4300


Frame: 2
Query: CTHSFRKRQVR
Length: 11
Subject: YP_009725306.1 nsp10 [polyprotein_range=YP_009724389.1:4254-4392] [polyprotein=ORF1ab polyprotein] [organism=Severe acute respiratory syndrome coronavirus 2] [isolate=Wuhan-Hu-1]
Length: 139

Score: 22
E-value: 33.821236032256664

0   CTH  2 
    |||    
45  CTH  47


Frame: 2
Query: CTHSFRKRQVR
Length: 11
Subject: YP_009742617.1 nsp10 [polyprotein_range=YP_009725295.1:4254-4392] [polyprotein=ORF1a polyprotein] [organism=Severe acute respiratory syndrome coronavirus 2] [isolate=Wuhan-Hu-1]
Length: 139

Score: 22
E-value: 33.821236032256664

0   CTH  2 
    |||    
45  CTH  47


Frame: 3
Query: VLIRFGRDRYVNS
Length: 13
Subject: YP_009725295.1:1-4405 ORF1a polyprotein [organism=Severe acute respiratory syndrome coronavirus 2] [isolate=Wuhan-Hu-1]
Length: 4405

Score: 17
E-value: 198.70234969782376

4     FGRD  7   
      ||*|      
1153  FGAD  1156

7     DRYVNS  12  
      |*|***      
1322  DNYITT  1327

8     RYVNS  12  
      ||**|      
1463  RYMRS  1467


Frame: 3
Query: VLIRFGRDRYVNS
Length: 13
Subject: YP_009725299.1 nsp3 [polyprotein_range=YP_009724389.1:819-2763] [polyprotein=ORF1ab polyprotein] [organism=Severe acute respiratory syndrome coronavirus 2] [isolate=Wuhan-Hu-1]
Length: 1945

Score: 17
E-value: 198.70234969782376

4    FGRD  7  
     ||*|     
335  FGAD  338

7    DRYVNS  12 
     |*|***     
504  DNYITT  509

8    RYVNS  12 
     ||**|     
645  RYMRS  649


Frame: 3
Query: VLIRFGRDRYVNS
Length: 13
Subject: YP_009742610.1 nsp3 [polyprotein_range=YP_009725295.1:819-2763] [polyprotein=ORF1a polyprotein] [organism=Severe acute respiratory syndrome coronavirus 2] [isolate=Wuhan-Hu-1]
Length: 1945

Score: 17
E-value: 198.70234969782376

4    FGRD  7  
     ||*|     
335  FGAD  338

7    DRYVNS  12 
     |*|***     
504  DNYITT  509

8    RYVNS  12 
     ||**|     
645  RYMRS  649


Frame: -1
Query: THVNNIAAVRTQSKRSKDG
Length: 19
Subject: YP_009725295.1:1-4405 ORF1a polyprotein [organism=Severe acute respiratory syndrome coronavirus 2] [isolate=Wuhan-Hu-1]
Length: 4405

Score: 17
E-value: 290.4111264814348

0   THV  2 
    |||    
11  THV  13

0   THVN  3 
    |||*    
11  THVQ  14

16  KDG  18
    |||    
46  KDG  48


Frame: -1
Query: THVNNIAAVRTQSKRSKDG
Length: 19
Subject: YP_009725297.1 leader protein [polyprotein_range=YP_009724389.1:1-180] [polyprotein=ORF1ab polyprotein] [organism=Severe acute respiratory syndrome coronavirus 2] [isolate=Wuhan-Hu-1]
Length: 180

Score: 17
E-value: 290.4111264814348

0   THV  2 
    |||    
11  THV  13

0   THVN  3 
    |||*    
11  THVQ  14

16  KDG  18
    |||    
46  KDG  48


Frame: -1
Query: THVNNIAAVRTQSKRSKDG
Length: 19
Subject: YP_009742608.1 leader protein [polyprotein_range=YP_009725295.1:1-180] [polyprotein=ORF1a polyprotein] [organism=Severe acute respiratory syndrome coronavirus 2] [isolate=Wuhan-Hu-1]
Length: 180

Score: 17
E-value: 290.4111264814348

0   THV  2 
    |||    
11  THV  13

0   THVN  3 
    |||*    
11  THVQ  14

16  KDG  18
    |||    
46  KDG  48


Frame: -1
Query: THVNNIAAVRTQSKRSKDG
Length: 19
Subject: YP_009724397.2:1-419 nucleocapsid phosphoprotein [organism=Severe acute respiratory syndrome coronavirus 2] [isolate=Wuhan-Hu-1]
Length: 419

Score: 17
E-value: 290.4111264814348

16   KDG  18 
     |||     
126  KDG  128


Frame: -1
Query: THVNNIAAVRTQSKRSKDG
Length: 19
Subject: YP_009725310.1 endoRNAse [polyprotein_range=YP_009724389.1:6453-6798] [polyprotein=ORF1ab polyprotein] [organism=Severe acute respiratory syndrome coronavirus 2] [isolate=Wuhan-Hu-1]
Length: 346

Score: 17
E-value: 290.4111264814348

16   KDG  18 
     |||     
333  KDG  335


Frame: 2
Query: CTHSFRKRQVR
Length: 11
Subject: YP_009725297.1 leader protein [polyprotein_range=YP_009724389.1:1-180] [polyprotein=ORF1ab polyprotein] [organism=Severe acute respiratory syndrome coronavirus 2] [isolate=Wuhan-Hu-1]
Length: 180

Score: 14
E-value: 440.078398820859

8   QVR  10
    |||    
21  QVR  23


Frame: 2
Query: CTHSFRKRQVR
Length: 11
Subject: YP_009742608.1 leader protein [polyprotein_range=YP_009725295.1:1-180] [polyprotein=ORF1a polyprotein] [organism=Severe acute respiratory syndrome coronavirus 2] [isolate=Wuhan-Hu-1]
Length: 180

Score: 14
E-value: 440.078398820859

8   QVR  10
    |||    
21  QVR  23


Frame: 3
Query: VLIRFGRDRYVNS
Length: 13
Subject: YP_009724392.1:1-75 envelope protein [organism=Severe acute respiratory syndrome coronavirus 2] [isolate=Wuhan-Hu-1]
Length: 75

Score: 14
E-value: 520.0926531519241

10  VNS  12
    |||    
13  VNS  15


Frame: 3
Query: VLIRFGRDRYVNS
Length: 13
Subject: YP_009725308.1 helicase [polyprotein_range=YP_009724389.1:5325-5925] [polyprotein=ORF1ab polyprotein] [organism=Severe acute respiratory syndrome coronavirus 2] [isolate=Wuhan-Hu-1]
Length: 601

Score: 14
E-value: 520.0926531519241

10   VNS  12 
     |||     
347  VNS  349


Frame: -2
Query: LTLTILQQYAHNRSAVRMASVTSKNTTKARKRSTLLTINVPVSSETNEY
Length: 49
Subject: YP_009725309.1 3'-to-5' exonuclease [polyprotein_range=YP_009724389.1:5926-6452] [polyprotein=ORF1ab polyprotein] [organism=Severe acute respiratory syndrome coronavirus 2] [isolate=Wuhan-Hu-1]
Length: 527

Score: 18
E-value: 543.454461461124

46   NEY  48 
     |||     
488  NEY  490


Frame: -2
Query: LTLTILQQYAHNRSAVRMASVTSKNTTKARKRSTLLTINVPVSSETNEY
Length: 49
Subject: YP_009725302.1 nsp6 [polyprotein_range=YP_009724389.1:3570-3859] [polyprotein=ORF1ab polyprotein] [organism=Severe acute respiratory syndrome coronavirus 2] [isolate=Wuhan-Hu-1]
Length: 290

Score: 17
E-value: 748.9550103994897

19   SVTS  22 
     ||||     
169  SVTS  172

19   SVTSK  23 
     ||||*     
169  SVTSN  173


Frame: -2
Query: LTLTILQQYAHNRSAVRMASVTSKNTTKARKRSTLLTINVPVSSETNEY
Length: 49
Subject: YP_009742613.1 nsp6 [polyprotein_range=YP_009725295.1:3570-3859] [polyprotein=ORF1a polyprotein] [organism=Severe acute respiratory syndrome coronavirus 2] [isolate=Wuhan-Hu-1]
Length: 290

Score: 17
E-value: 748.9550103994897

19   SVTS  22 
     ||||     
169  SVTS  172

19   SVTSK  23 
     ||||*     
169  SVTSN  173


Frame: 3
Query: VLIRFGRDRYVNS
Length: 13
Subject: YP_009725310.1 endoRNAse [polyprotein_range=YP_009724389.1:6453-6798] [polyprotein=ORF1ab polyprotein] [organism=Severe acute respiratory syndrome coronavirus 2] [isolate=Wuhan-Hu-1]
Length: 346

Score: 12
E-value: 987.7928154952037

0    VLI  2  
     |||     
140  VLI  142


Frame: 3
Query: VLIRFGRDRYVNS
Length: 13
Subject: YP_009725318.1:1-43 ORF7b [organism=Severe acute respiratory syndrome coronavirus 2] [isolate=Wuhan-Hu-1]
Length: 43

Score: 12
E-value: 987.7928154952037

0   VLI  2 
    |||    
20  VLI  22


Frame: 1
Query: MYSFVSEETGTLIVNSVLLFLAFVVFLLVTLAILTALRLCAYCCNIVNVS
Length: 50
Subject: YP_009725307.1 RNA-dependent RNA polymerase [polyprotein_range=YP_009724389.1:4393-5324] [polyprotein=ORF1ab polyprotein] [organism=Severe acute respiratory syndrome coronavirus 2] [isolate=Wuhan-Hu-1]
Length: 932

Score: 16
E-value: 1053.2275891314832

0    MYS  2  
     |||     
901  MYS  903


Frame: -2
Query: LTLTILQQYAHNRSAVRMASVTSKNTTKARKRSTLLTINVPVSSETNEY
Length: 49
Subject: YP_009725307.1 RNA-dependent RNA polymerase [polyprotein_range=YP_009724389.1:4393-5324] [polyprotein=ORF1ab polyprotein] [organism=Severe acute respiratory syndrome coronavirus 2] [isolate=Wuhan-Hu-1]
Length: 932

Score: 15
E-value: 1422.4626591401686

39   VPV  41 
     |||     
230  VPV  232


Frame: 1
Query: MYSFVSEETGTLIVNSVLLFLAFVVFLLVTLAILTALRLCAYCCNIVNVS
Length: 50
Subject: YP_009725295.1:1-4405 ORF1a polyprotein [organism=Severe acute respiratory syndrome coronavirus 2] [isolate=Wuhan-Hu-1]
Length: 4405

Score: 14
E-value: 2000.3563582766315

47    NVS  49  
      |||      
2622  NVS  2624


Frame: 1
Query: MYSFVSEETGTLIVNSVLLFLAFVVFLLVTLAILTALRLCAYCCNIVNVS
Length: 50
Subject: YP_009725299.1 nsp3 [polyprotein_range=YP_009724389.1:819-2763] [polyprotein=ORF1ab polyprotein] [organism=Severe acute respiratory syndrome coronavirus 2] [isolate=Wuhan-Hu-1]
Length: 1945

Score: 14
E-value: 2000.3563582766315

47    NVS  49  
      |||      
1804  NVS  1806


Frame: 1
Query: MYSFVSEETGTLIVNSVLLFLAFVVFLLVTLAILTALRLCAYCCNIVNVS
Length: 50
Subject: YP_009742610.1 nsp3 [polyprotein_range=YP_009725295.1:819-2763] [polyprotein=ORF1a polyprotein] [organism=Severe acute respiratory syndrome coronavirus 2] [isolate=Wuhan-Hu-1]
Length: 1945

Score: 14
E-value: 2000.3563582766315

47    NVS  49  
      |||      
1804  NVS  1806


Frame: -2
Query: LTLTILQQYAHNRSAVRMASVTSKNTTKARKRSTLLTINVPVSSETNEY
Length: 49
Subject: YP_009725299.1 nsp3 [polyprotein_range=YP_009724389.1:819-2763] [polyprotein=ORF1ab polyprotein] [organism=Severe acute respiratory syndrome coronavirus 2] [isolate=Wuhan-Hu-1]
Length: 1945

Score: 13
E-value: 2701.6309238239132

0    LTL  2  
     |||     
862  LTL  864


Frame: -2
Query: LTLTILQQYAHNRSAVRMASVTSKNTTKARKRSTLLTINVPVSSETNEY
Length: 49
Subject: YP_009725311.1 2'-O-ribose methyltransferase [polyprotein_range=YP_009724389.1:6799-7096] [polyprotein=ORF1ab polyprotein] [organism=Severe acute respiratory syndrome coronavirus 2] [isolate=Wuhan-Hu-1]
Length: 298

Score: 13
E-value: 2701.6309238239132

0   LTL  2 
    |||    
56  LTL  58


Frame: -2
Query: LTLTILQQYAHNRSAVRMASVTSKNTTKARKRSTLLTINVPVSSETNEY
Length: 49
Subject: YP_009742610.1 nsp3 [polyprotein_range=YP_009725295.1:819-2763] [polyprotein=ORF1a polyprotein] [organism=Severe acute respiratory syndrome coronavirus 2] [isolate=Wuhan-Hu-1]
Length: 1945

Score: 13
E-value: 2701.6309238239132

0    LTL  2  
     |||     
862  LTL  864


