Frame: 1
Query: LQSLQTYVTQQLIRAAEIRASANLAATKMSECVLGQSKRVDFCGKGYHLM
Length: 50
Subject: YP_009724390.1:1-1273 surface glycoprotein [organism=Severe acute respiratory syndrome coronavirus 2] [isolate=Wuhan-Hu-1]
Length: 1273

Score: 250
E-value: 2.6795407358826303e-30

0     LQSLQTYVTQQLIRAAEIRASANLAATKMSECVLGQSKRVDFCGKGYHLM  49  
      ||||||||||||||||||||||||||||||||||||||||||||||||||      
1000  LQSLQTYVTQQLIRAAEIRASANLAATKMSECVLGQSKRVDFCGKGYHLM  1049


Frame: 1
Query: LQSLQTYVTQQLIRAAEIRASANLAATKMSECVLGQSKRVDFCGKGYHLM
Length: 50
Subject: YP_009724389.1:1-7096 ORF1ab polyprotein [organism=Severe acute respiratory syndrome coronavirus 2] [isolate=Wuhan-Hu-1]
Length: 7096

Score: 34
E-value: 3.2753365357266726

22    NLAATKMSECVLGQSK  37  
      **|||*****|*|*||      
4969  SIAATRGATVVIGTSK  4984


Frame: 2
Query: FKVCRHM
Length: 7
Subject: YP_009724389.1:1-7096 ORF1ab polyprotein [organism=Severe acute respiratory syndrome coronavirus 2] [isolate=Wuhan-Hu-1]
Length: 7096

Score: 24
E-value: 11.332081414675649

0    FKVCRHM  6  
     ||***||     
913  FKLASHM  919


Frame: 1
Query: LQSLQTYVTQQLIRAAEIRASANLAATKMSECVLGQSKRVDFCGKGYHLM
Length: 50
Subject: YP_009725295.1:1-4405 ORF1a polyprotein [organism=Severe acute respiratory syndrome coronavirus 2] [isolate=Wuhan-Hu-1]
Length: 4405

Score: 28
E-value: 22.43940629378733

22    NLAATKMSECVL  33  
      *|***|***||*      
3672  SLSGFKLKDCVM  3683

22    NLAATKMSECVLGQS  36  
      *|***|***||***|      
3672  SLSGFKLKDCVMYAS  3686

22    NLAATKMSECVLGQSKRV  39  
      *|***|***||***|**|      
3672  SLSGFKLKDCVMYASAVV  3689


Frame: 3
Query: SKFADICDSTIN
Length: 12
Subject: YP_009724389.1:1-7096 ORF1ab polyprotein [organism=Severe acute respiratory syndrome coronavirus 2] [isolate=Wuhan-Hu-1]
Length: 7096

Score: 20
E-value: 70.07501192097664

0     SKFADIC  6   
      *|****|      
6842  AKYTQLC  6848

0     SKFADICD  7   
      *|****|*      
6842  AKYTQLCQ  6849

2     FADICDSTI  10  
      |****|||*      
6900  FVSDADSTL  6908


Frame: -1
Query: HKMIALSTKINSF
Length: 13
Subject: YP_009724389.1:1-7096 ORF1ab polyprotein [organism=Severe acute respiratory syndrome coronavirus 2] [isolate=Wuhan-Hu-1]
Length: 7096

Score: 18
E-value: 144.18179589784918

4     ALSTKINSF  12  
      ||*||****      
1850  ALLTKSSEY  1858


Frame: -1
Query: HKMIALSTKINSF
Length: 13
Subject: YP_009725295.1:1-4405 ORF1a polyprotein [organism=Severe acute respiratory syndrome coronavirus 2] [isolate=Wuhan-Hu-1]
Length: 4405

Score: 18
E-value: 144.18179589784918

4     ALSTKINSF  12  
      ||*||****      
1850  ALLTKSSEY  1858


Frame: -1
Query: HKMIALSTKINSF
Length: 13
Subject: YP_009725299.1 nsp3 [polyprotein_range=YP_009724389.1:819-2763] [polyprotein=ORF1ab polyprotein] [organism=Severe acute respiratory syndrome coronavirus 2] [isolate=Wuhan-Hu-1]
Length: 1945

Score: 18
E-value: 144.18179589784918

4     ALSTKINSF  12  
      ||*||****      
1032  ALLTKSSEY  1040


Frame: -1
Query: HKMIALSTKINSF
Length: 13
Subject: YP_009742610.1 nsp3 [polyprotein_range=YP_009725295.1:819-2763] [polyprotein=ORF1a polyprotein] [organism=Severe acute respiratory syndrome coronavirus 2] [isolate=Wuhan-Hu-1]
Length: 1945

Score: 18
E-value: 144.18179589784918

4     ALSTKINSF  12  
      ||*||****      
1032  ALLTKSSEY  1040


Frame: 2
Query: FKVCRHM
Length: 7
Subject: YP_009724394.1:1-61 ORF6 protein [organism=Severe acute respiratory syndrome coronavirus 2] [isolate=Wuhan-Hu-1]
Length: 61

Score: 15
E-value: 203.20895130573837

0   FKV  2 
    |||    
21  FKV  23


Frame: 2
Query: FKVCRHM
Length: 7
Subject: YP_009725295.1:1-4405 ORF1a polyprotein [organism=Severe acute respiratory syndrome coronavirus 2] [isolate=Wuhan-Hu-1]
Length: 4405

Score: 15
E-value: 203.20895130573837

0    FKV  2  
     |||     
508  FKV  510


Frame: 2
Query: FKVCRHM
Length: 7
Subject: YP_009725298.1 nsp2 [polyprotein_range=YP_009724389.1:181-818] [polyprotein=ORF1ab polyprotein] [organism=Severe acute respiratory syndrome coronavirus 2] [isolate=Wuhan-Hu-1]
Length: 638

Score: 15
E-value: 203.20895130573837

0    FKV  2  
     |||     
328  FKV  330


Frame: 2
Query: FKVCRHM
Length: 7
Subject: YP_009725308.1 helicase [polyprotein_range=YP_009724389.1:5325-5925] [polyprotein=ORF1ab polyprotein] [organism=Severe acute respiratory syndrome coronavirus 2] [isolate=Wuhan-Hu-1]
Length: 601

Score: 15
E-value: 203.20895130573837

0    FKV  2  
     |||     
345  FKV  347


Frame: 2
Query: FKVCRHM
Length: 7
Subject: YP_009742609.1 nsp2 [polyprotein_range=YP_009725295.1:181-818] [polyprotein=ORF1a polyprotein] [organism=Severe acute respiratory syndrome coronavirus 2] [isolate=Wuhan-Hu-1]
Length: 638

Score: 15
E-value: 203.20895130573837

0    FKV  2  
     |||     
328  FKV  330


Frame: -1
Query: HKMIALSTKINSF
Length: 13
Subject: YP_009724390.1:1-1273 surface glycoprotein [organism=Severe acute respiratory syndrome coronavirus 2] [isolate=Wuhan-Hu-1]
Length: 1273

Score: 16
E-value: 273.8391731741856

10  NSF  12
    |||    
29  NSF  31


Frame: 3
Query: SKFADICDSTIN
Length: 12
Subject: YP_009725307.1 RNA-dependent RNA polymerase [polyprotein_range=YP_009724389.1:4393-5324] [polyprotein=ORF1ab polyprotein] [organism=Severe acute respiratory syndrome coronavirus 2] [isolate=Wuhan-Hu-1]
Length: 932

Score: 15
E-value: 348.35820223840864

0    SKF  2  
     |||     
591  SKF  593


Frame: 3
Query: SKFADICDSTIN
Length: 12
Subject: YP_009725311.1 2'-O-ribose methyltransferase [polyprotein_range=YP_009724389.1:6799-7096] [polyprotein=ORF1ab polyprotein] [organism=Severe acute respiratory syndrome coronavirus 2] [isolate=Wuhan-Hu-1]
Length: 298

Score: 15
E-value: 348.35820223840864

0    SKF  2  
     |||     
247  SKF  249


Frame: 3
Query: SKFADICDSTIN
Length: 12
Subject: YP_009724396.1:1-121 ORF8 protein [organism=Severe acute respiratory syndrome coronavirus 2] [isolate=Wuhan-Hu-1]
Length: 121

Score: 15
E-value: 348.35820223840864

9   TIN  11
    |||    
86  TIN  88


Frame: 1
Query: LQSLQTYVTQQLIRAAEIRASANLAATKMSECVLGQSKRVDFCGKGYHLM
Length: 50
Subject: YP_009725307.1 RNA-dependent RNA polymerase [polyprotein_range=YP_009724389.1:4393-5324] [polyprotein=ORF1ab polyprotein] [organism=Severe acute respiratory syndrome coronavirus 2] [isolate=Wuhan-Hu-1]
Length: 932

Score: 17
E-value: 764.2398065300914

47   HLM  49 
     |||     
612  HLM  614


Frame: 1
Query: LQSLQTYVTQQLIRAAEIRASANLAATKMSECVLGQSKRVDFCGKGYHLM
Length: 50
Subject: YP_009724391.1:1-275 ORF3a protein [organism=Severe acute respiratory syndrome coronavirus 2] [isolate=Wuhan-Hu-1]
Length: 275

Score: 13
E-value: 2756.766248799911

0    LQS  2  
     |||     
114  LQS  116


Frame: 1
Query: LQSLQTYVTQQLIRAAEIRASANLAATKMSECVLGQSKRVDFCGKGYHLM
Length: 50
Subject: YP_009724396.1:1-121 ORF8 protein [organism=Severe acute respiratory syndrome coronavirus 2] [isolate=Wuhan-Hu-1]
Length: 121

Score: 13
E-value: 2756.766248799911

0   LQS  2 
    |||    
21  LQS  23


Frame: 1
Query: LQSLQTYVTQQLIRAAEIRASANLAATKMSECVLGQSKRVDFCGKGYHLM
Length: 50
Subject: YP_009725309.1 3'-to-5' exonuclease [polyprotein_range=YP_009724389.1:5926-6452] [polyprotein=ORF1ab polyprotein] [organism=Severe acute respiratory syndrome coronavirus 2] [isolate=Wuhan-Hu-1]
Length: 527

Score: 13
E-value: 2756.766248799911

0    LQS  2  
     |||     
252  LQS  254


