Frame: 1
Query: SLENVAFNVVNKGHFDGQQGEVPVSIINNTVYTKVDGVDVELFENKTTLP
Length: 50
Subject: YP_009724389.1:1-7096 ORF1ab polyprotein [organism=Severe acute respiratory syndrome coronavirus 2] [isolate=Wuhan-Hu-1]
Length: 7096

Score: 258
E-value: 2.0593007957026434e-31

0     SLENVAFNVVNKGHFDGQQGEVPVSIINNTVYTKVDGVDVELFENKTTLP  49  
      ||||||||||||||||||||||||||||||||||||||||||||||||||      
6452  SLENVAFNVVNKGHFDGQQGEVPVSIINNTVYTKVDGVDVELFENKTTLP  6501


Frame: 1
Query: SLENVAFNVVNKGHFDGQQGEVPVSIINNTVYTKVDGVDVELFENKTTLP
Length: 50
Subject: YP_009725310.1 endoRNAse [polyprotein_range=YP_009724389.1:6453-6798] [polyprotein=ORF1ab polyprotein] [organism=Severe acute respiratory syndrome coronavirus 2] [isolate=Wuhan-Hu-1]
Length: 346

Score: 258
E-value: 2.0593007957026434e-31

0  SLENVAFNVVNKGHFDGQQGEVPVSIINNTVYTKVDGVDVELFENKTTLP  49
   ||||||||||||||||||||||||||||||||||||||||||||||||||    
0  SLENVAFNVVNKGHFDGQQGEVPVSIINNTVYTKVDGVDVELFENKTTLP  49


Frame: -2
Query: GNVVLFSNNSTSTPSTFV
Length: 18
Subject: YP_009724389.1:1-7096 ORF1ab polyprotein [organism=Severe acute respiratory syndrome coronavirus 2] [isolate=Wuhan-Hu-1]
Length: 7096

Score: 28
E-value: 8.078186265763438

10    TSTPSTF  16  
      ||*|*||      
1537  TSNPTTF  1543


Frame: -2
Query: GNVVLFSNNSTSTPSTFV
Length: 18
Subject: YP_009725295.1:1-4405 ORF1a polyprotein [organism=Severe acute respiratory syndrome coronavirus 2] [isolate=Wuhan-Hu-1]
Length: 4405

Score: 28
E-value: 8.078186265763438

10    TSTPSTF  16  
      ||*|*||      
1537  TSNPTTF  1543


Frame: 1
Query: SLENVAFNVVNKGHFDGQQGEVPVSIINNTVYTKVDGVDVELFENKTTLP
Length: 50
Subject: YP_009725295.1:1-4405 ORF1a polyprotein [organism=Severe acute respiratory syndrome coronavirus 2] [isolate=Wuhan-Hu-1]
Length: 4405

Score: 28
E-value: 22.43940629378733

18    QGEVPVSIINNTV  30  
      ****|**|**|||      
2190  KASMPTTIAKNTV  2202


Frame: 3
Query: FRKCGF
Length: 6
Subject: YP_009724389.1:1-7096 ORF1ab polyprotein [organism=Severe acute respiratory syndrome coronavirus 2] [isolate=Wuhan-Hu-1]
Length: 7096

Score: 21
E-value: 25.42380873123681

0     FRKCGF  5   
      |||**|      
3265  FRKMAF  3270

3     CGF  5   
      |||      
6951  CGF  6953


Frame: 3
Query: FRKCGF
Length: 6
Subject: YP_009725311.1 2'-O-ribose methyltransferase [polyprotein_range=YP_009724389.1:6799-7096] [polyprotein=ORF1ab polyprotein] [organism=Severe acute respiratory syndrome coronavirus 2] [isolate=Wuhan-Hu-1]
Length: 298

Score: 21
E-value: 25.42380873123681

3    CGF  5  
     |||     
153  CGF  155


Frame: 3
Query: FRKCGF
Length: 6
Subject: YP_009724390.1:1-1273 surface glycoprotein [organism=Severe acute respiratory syndrome coronavirus 2] [isolate=Wuhan-Hu-1]
Length: 1273

Score: 16
E-value: 126.38731069577798

0    FRK  2  
     |||     
455  FRK  457


Frame: 3
Query: FRKCGF
Length: 6
Subject: YP_009725295.1:1-4405 ORF1a polyprotein [organism=Severe acute respiratory syndrome coronavirus 2] [isolate=Wuhan-Hu-1]
Length: 4405

Score: 16
E-value: 126.38731069577798

0     FRK  2   
      |||      
3265  FRK  3267


Frame: 3
Query: FRKCGF
Length: 6
Subject: YP_009725301.1 3C-like proteinase [polyprotein_range=YP_009724389.1:3264-3569] [polyprotein=ORF1ab polyprotein] [organism=Severe acute respiratory syndrome coronavirus 2] [isolate=Wuhan-Hu-1]
Length: 306

Score: 16
E-value: 126.38731069577798

0  FRK  2
   |||   
2  FRK  4


Frame: 3
Query: FRKCGF
Length: 6
Subject: YP_009742612.1 3C-like proteinase [polyprotein_range=YP_009725295.1:3264-3569] [polyprotein=ORF1a polyprotein] [organism=Severe acute respiratory syndrome coronavirus 2] [isolate=Wuhan-Hu-1]
Length: 306

Score: 16
E-value: 126.38731069577798

0  FRK  2
   |||   
2  FRK  4


Frame: -2
Query: GNVVLFSNNSTSTPSTFV
Length: 18
Subject: YP_009725301.1 3C-like proteinase [polyprotein_range=YP_009724389.1:3264-3569] [polyprotein=ORF1ab polyprotein] [organism=Severe acute respiratory syndrome coronavirus 2] [isolate=Wuhan-Hu-1]
Length: 306

Score: 16
E-value: 379.1619320873339

0   GNV  2 
    |||    
70  GNV  72


Frame: -2
Query: GNVVLFSNNSTSTPSTFV
Length: 18
Subject: YP_009742612.1 3C-like proteinase [polyprotein_range=YP_009725295.1:3264-3569] [polyprotein=ORF1a polyprotein] [organism=Severe acute respiratory syndrome coronavirus 2] [isolate=Wuhan-Hu-1]
Length: 306

Score: 16
E-value: 379.1619320873339

0   GNV  2 
    |||    
70  GNV  72


Frame: -2
Query: GNVVLFSNNSTSTPSTFV
Length: 18
Subject: YP_009724390.1:1-1273 surface glycoprotein [organism=Severe acute respiratory syndrome coronavirus 2] [isolate=Wuhan-Hu-1]
Length: 1273

Score: 15
E-value: 522.5373033576129

15    TFV  17  
      |||      
1119  TFV  1121


Frame: -2
Query: GNVVLFSNNSTSTPSTFV
Length: 18
Subject: YP_009725298.1 nsp2 [polyprotein_range=YP_009724389.1:181-818] [polyprotein=ORF1ab polyprotein] [organism=Severe acute respiratory syndrome coronavirus 2] [isolate=Wuhan-Hu-1]
Length: 638

Score: 15
E-value: 522.5373033576129

15   TFV  17 
     |||     
527  TFV  529


Frame: -2
Query: GNVVLFSNNSTSTPSTFV
Length: 18
Subject: YP_009742609.1 nsp2 [polyprotein_range=YP_009725295.1:181-818] [polyprotein=ORF1a polyprotein] [organism=Severe acute respiratory syndrome coronavirus 2] [isolate=Wuhan-Hu-1]
Length: 638

Score: 15
E-value: 522.5373033576129

15   TFV  17 
     |||     
527  TFV  529


Frame: 1
Query: SLENVAFNVVNKGHFDGQQGEVPVSIINNTVYTKVDGVDVELFENKTTLP
Length: 50
Subject: YP_009724397.2:1-419 nucleocapsid phosphoprotein [organism=Severe acute respiratory syndrome coronavirus 2] [isolate=Wuhan-Hu-1]
Length: 419

Score: 16
E-value: 1053.2275891314832

47   TLP  49 
     |||     
165  TLP  167


Frame: 1
Query: SLENVAFNVVNKGHFDGQQGEVPVSIINNTVYTKVDGVDVELFENKTTLP
Length: 50
Subject: YP_009725298.1 nsp2 [polyprotein_range=YP_009724389.1:181-818] [polyprotein=ORF1ab polyprotein] [organism=Severe acute respiratory syndrome coronavirus 2] [isolate=Wuhan-Hu-1]
Length: 638

Score: 16
E-value: 1053.2275891314832

47   TLP  49 
     |||     
565  TLP  567


Frame: 1
Query: SLENVAFNVVNKGHFDGQQGEVPVSIINNTVYTKVDGVDVELFENKTTLP
Length: 50
Subject: YP_009725311.1 2'-O-ribose methyltransferase [polyprotein_range=YP_009724389.1:6799-7096] [polyprotein=ORF1ab polyprotein] [organism=Severe acute respiratory syndrome coronavirus 2] [isolate=Wuhan-Hu-1]
Length: 298

Score: 16
E-value: 1053.2275891314832

47  TLP  49
    |||    
34  TLP  36


Frame: 1
Query: SLENVAFNVVNKGHFDGQQGEVPVSIINNTVYTKVDGVDVELFENKTTLP
Length: 50
Subject: YP_009742609.1 nsp2 [polyprotein_range=YP_009725295.1:181-818] [polyprotein=ORF1a polyprotein] [organism=Severe acute respiratory syndrome coronavirus 2] [isolate=Wuhan-Hu-1]
Length: 638

Score: 16
E-value: 1053.2275891314832

47   TLP  49 
     |||     
565  TLP  567


Frame: -3
Query: VMLFYFQTILHQHHQLLCKQCY
Length: 22
Subject: YP_009724389.1:1-7096 ORF1ab polyprotein [organism=Severe acute respiratory syndrome coronavirus 2] [isolate=Wuhan-Hu-1]
Length: 7096

Score: 13
E-value: 1212.9771494719612

0     VML  2   
      |||      
5296  VML  5298


Frame: -3
Query: VMLFYFQTILHQHHQLLCKQCY
Length: 22
Subject: YP_009725307.1 RNA-dependent RNA polymerase [polyprotein_range=YP_009724389.1:4393-5324] [polyprotein=ORF1ab polyprotein] [organism=Severe acute respiratory syndrome coronavirus 2] [isolate=Wuhan-Hu-1]
Length: 932

Score: 13
E-value: 1212.9771494719612

0    VML  2  
     |||     
904  VML  906


Frame: 1
Query: SLENVAFNVVNKGHFDGQQGEVPVSIINNTVYTKVDGVDVELFENKTTLP
Length: 50
Subject: YP_009725299.1 nsp3 [polyprotein_range=YP_009724389.1:819-2763] [polyprotein=ORF1ab polyprotein] [organism=Severe acute respiratory syndrome coronavirus 2] [isolate=Wuhan-Hu-1]
Length: 1945

Score: 13
E-value: 2756.766248799911

0     SLE  2   
      |||      
1484  SLE  1486


Frame: 1
Query: SLENVAFNVVNKGHFDGQQGEVPVSIINNTVYTKVDGVDVELFENKTTLP
Length: 50
Subject: YP_009725308.1 helicase [polyprotein_range=YP_009724389.1:5325-5925] [polyprotein=ORF1ab polyprotein] [organism=Severe acute respiratory syndrome coronavirus 2] [isolate=Wuhan-Hu-1]
Length: 601

Score: 13
E-value: 2756.766248799911

0    SLE  2  
     |||     
588  SLE  590


Frame: 1
Query: SLENVAFNVVNKGHFDGQQGEVPVSIINNTVYTKVDGVDVELFENKTTLP
Length: 50
Subject: YP_009725318.1:1-43 ORF7b [organism=Severe acute respiratory syndrome coronavirus 2] [isolate=Wuhan-Hu-1]
Length: 43

Score: 13
E-value: 2756.766248799911

0   SLE  2 
    |||    
30  SLE  32


Frame: 1
Query: SLENVAFNVVNKGHFDGQQGEVPVSIINNTVYTKVDGVDVELFENKTTLP
Length: 50
Subject: YP_009742610.1 nsp3 [polyprotein_range=YP_009725295.1:819-2763] [polyprotein=ORF1a polyprotein] [organism=Severe acute respiratory syndrome coronavirus 2] [isolate=Wuhan-Hu-1]
Length: 1945

Score: 13
E-value: 2756.766248799911

0     SLE  2   
      |||      
1484  SLE  1486


