Frame: -2
Query: CLLVIVLQIETPATVRALFFALMAYLRFI
Length: 29
Subject: YP_009724389.1:1-7096 ORF1ab polyprotein [organism=Severe acute respiratory syndrome coronavirus 2] [isolate=Wuhan-Hu-1]
Length: 7096

score: 17
0    CLL    2
    |||    
0    CLL    2


Frame: -2
Query: CLLVIVLQIETPATVRALFFALMAYLRFI
Length: 29
Subject: YP_009724393.1:1-222 membrane glycoprotein [organism=Severe acute respiratory syndrome coronavirus 2] [isolate=Wuhan-Hu-1]
Length: 222

score: 17
0    CLL    2
    |||    
0    CLL    2


Frame: -2
Query: CLLVIVLQIETPATVRALFFALMAYLRFI
Length: 29
Subject: YP_009725295.1:1-4405 ORF1a polyprotein [organism=Severe acute respiratory syndrome coronavirus 2] [isolate=Wuhan-Hu-1]
Length: 4405

score: 17
0    CLL    2
    |||    
0    CLL    2


Frame: -2
Query: CLLVIVLQIETPATVRALFFALMAYLRFI
Length: 29
Subject: YP_009725302.1 nsp6 [polyprotein_range=YP_009724389.1:3570-3859] [polyprotein=ORF1ab polyprotein] [organism=Severe acute respiratory syndrome coronavirus 2] [isolate=Wuhan-Hu-1]
Length: 290

score: 17
0    CLL    2
    |||    
0    CLL    2


Frame: -2
Query: CLLVIVLQIETPATVRALFFALMAYLRFI
Length: 29
Subject: YP_009742613.1 nsp6 [polyprotein_range=YP_009725295.1:3570-3859] [polyprotein=ORF1a polyprotein] [organism=Severe acute respiratory syndrome coronavirus 2] [isolate=Wuhan-Hu-1]
Length: 290

score: 17
0    CLL    2
    |||    
0    CLL    2


Frame: 1
Query: YEDQDALFAYTKRNVIPTITQMNLKYAISAKNRARTVAGVSICSTMTNRQ
Length: 50
Subject: YP_009724389.1:1-7096 ORF1ab polyprotein [organism=Severe acute respiratory syndrome coronavirus 2] [isolate=Wuhan-Hu-1]
Length: 7096

score: 252
0    YEDQDALFAYTKRNVIPTITQMNLKYAISAKNRARTVAGVSICSTMTNRQ   49
    ||||||||||||||||||||||||||||||||||||||||||||||||||    
4759 YEDQDALFAYTKRNVIPTITQMNLKYAISAKNRARTVAGVSICSTMTNRQ 4808


Frame: 1
Query: YEDQDALFAYTKRNVIPTITQMNLKYAISAKNRARTVAGVSICSTMTNRQ
Length: 50
Subject: YP_009724396.1:1-121 ORF8 protein [organism=Severe acute respiratory syndrome coronavirus 2] [isolate=Wuhan-Hu-1]
Length: 121

score: 18
0    YED    2
    |||    
0    YED    2


Frame: 1
Query: YEDQDALFAYTKRNVIPTITQMNLKYAISAKNRARTVAGVSICSTMTNRQ
Length: 50
Subject: YP_009725295.1:1-4405 ORF1a polyprotein [organism=Severe acute respiratory syndrome coronavirus 2] [isolate=Wuhan-Hu-1]
Length: 4405

score: 26
11   KRNVIPTITQMNLKYAISAKN   31
    ||***||************||    
2324 KRPINPTDQSSYIVDSVTVKN 2344


Frame: 1
Query: YEDQDALFAYTKRNVIPTITQMNLKYAISAKNRARTVAGVSICSTMTNRQ
Length: 50
Subject: YP_009725297.1 leader protein [polyprotein_range=YP_009724389.1:1-180] [polyprotein=ORF1ab polyprotein] [organism=Severe acute respiratory syndrome coronavirus 2] [isolate=Wuhan-Hu-1]
Length: 180

score: 18
0    YED    2
    |||    
0    YED    2


Frame: 1
Query: YEDQDALFAYTKRNVIPTITQMNLKYAISAKNRARTVAGVSICSTMTNRQ
Length: 50
Subject: YP_009725301.1 3C-like proteinase [polyprotein_range=YP_009724389.1:3264-3569] [polyprotein=ORF1ab polyprotein] [organism=Severe acute respiratory syndrome coronavirus 2] [isolate=Wuhan-Hu-1]
Length: 306

score: 18
0    YED    2
    |||    
0    YED    2


Frame: 1
Query: YEDQDALFAYTKRNVIPTITQMNLKYAISAKNRARTVAGVSICSTMTNRQ
Length: 50
Subject: YP_009725307.1 RNA-dependent RNA polymerase [polyprotein_range=YP_009724389.1:4393-5324] [polyprotein=ORF1ab polyprotein] [organism=Severe acute respiratory syndrome coronavirus 2] [isolate=Wuhan-Hu-1]
Length: 932

score: 252
0    YEDQDALFAYTKRNVIPTITQMNLKYAISAKNRARTVAGVSICSTMTNRQ   49
    ||||||||||||||||||||||||||||||||||||||||||||||||||    
0    YEDQDALFAYTKRNVIPTITQMNLKYAISAKNRARTVAGVSICSTMTNRQ   49


Frame: 1
Query: YEDQDALFAYTKRNVIPTITQMNLKYAISAKNRARTVAGVSICSTMTNRQ
Length: 50
Subject: YP_009742608.1 leader protein [polyprotein_range=YP_009725295.1:1-180] [polyprotein=ORF1a polyprotein] [organism=Severe acute respiratory syndrome coronavirus 2] [isolate=Wuhan-Hu-1]
Length: 180

score: 18
0    YED    2
    |||    
0    YED    2


Frame: 1
Query: YEDQDALFAYTKRNVIPTITQMNLKYAISAKNRARTVAGVSICSTMTNRQ
Length: 50
Subject: YP_009742612.1 3C-like proteinase [polyprotein_range=YP_009725295.1:3264-3569] [polyprotein=ORF1a polyprotein] [organism=Severe acute respiratory syndrome coronavirus 2] [isolate=Wuhan-Hu-1]
Length: 306

score: 18
0    YED    2
    |||    
0    YED    2


Frame: 2
Query: MRIKMHFSHIQNVMSSLL
Length: 18
Subject: YP_009724389.1:1-7096 ORF1ab polyprotein [organism=Severe acute respiratory syndrome coronavirus 2] [isolate=Wuhan-Hu-1]
Length: 7096

score: 21
2    IKMHFS    7
    ***|||    
1551 LRKHFS 1556

6    FSHIQ   10
    |||*|    
3102 FSHSQ 3106


Frame: 2
Query: MRIKMHFSHIQNVMSSLL
Length: 18
Subject: YP_009724391.1:1-275 ORF3a protein [organism=Severe acute respiratory syndrome coronavirus 2] [isolate=Wuhan-Hu-1]
Length: 275

score: 14
0    MRI    2
    |||    
0    MRI    2


Frame: 2
Query: MRIKMHFSHIQNVMSSLL
Length: 18
Subject: YP_009725295.1:1-4405 ORF1a polyprotein [organism=Severe acute respiratory syndrome coronavirus 2] [isolate=Wuhan-Hu-1]
Length: 4405

score: 17
2    IKMHFSHIQNVMSSL   16
    **|**|*****|**|    
63   VYMPASWVMRIMTWL   77

9    IQNVMSSL   16
    *|**||**    
268  VQSKMSDV  275


Frame: 2
Query: MRIKMHFSHIQNVMSSLL
Length: 18
Subject: YP_009725302.1 nsp6 [polyprotein_range=YP_009724389.1:3570-3859] [polyprotein=ORF1ab polyprotein] [organism=Severe acute respiratory syndrome coronavirus 2] [isolate=Wuhan-Hu-1]
Length: 290

score: 14
0    MRI    2
    |||    
71   MRI   73

9    IQNVMSSL   16
    *|****||    
5    VQSTQWSL   12

9    IQNVMSSLL   17
    *|****||*    
5    VQSTQWSLF   13


Frame: 2
Query: MRIKMHFSHIQNVMSSLL
Length: 18
Subject: YP_009742613.1 nsp6 [polyprotein_range=YP_009725295.1:3570-3859] [polyprotein=ORF1a polyprotein] [organism=Severe acute respiratory syndrome coronavirus 2] [isolate=Wuhan-Hu-1]
Length: 290

score: 14
0    MRI    2
    |||    
71   MRI   73

9    IQNVMSSL   16
    *|****||    
5    VQSTQWSL   12

9    IQNVMSSLL   17
    *|****||*    
5    VQSTQWSLF   13


Frame: 2
Query: MRIKMHFSHIQNVMSSLL
Length: 18
Subject: YP_009724390.1:1-1273 surface glycoprotein [organism=Severe acute respiratory syndrome coronavirus 2] [isolate=Wuhan-Hu-1]
Length: 1273

score: 12
15   SLL   17
    |||    
0    SLL    2


Frame: 2
Query: MRIKMHFSHIQNVMSSLL
Length: 18
Subject: YP_009725255.1:1-38 ORF10 protein [organism=Severe acute respiratory syndrome coronavirus 2] [isolate=Wuhan-Hu-1]
Length: 38

score: 12
15   SLL   17
    |||    
0    SLL    2


Frame: 2
Query: MRIKMHFSHIQNVMSSLL
Length: 18
Subject: YP_009725303.1 nsp7 [polyprotein_range=YP_009724389.1:3860-3942] [polyprotein=ORF1ab polyprotein] [organism=Severe acute respiratory syndrome coronavirus 2] [isolate=Wuhan-Hu-1]
Length: 83

score: 12
15   SLL   17
    |||    
0    SLL    2


Frame: 2
Query: MRIKMHFSHIQNVMSSLL
Length: 18
Subject: YP_009725307.1 RNA-dependent RNA polymerase [polyprotein_range=YP_009724389.1:4393-5324] [polyprotein=ORF1ab polyprotein] [organism=Severe acute respiratory syndrome coronavirus 2] [isolate=Wuhan-Hu-1]
Length: 932

score: 12
15   SLL   17
    |||    
0    SLL    2


Frame: 2
Query: MRIKMHFSHIQNVMSSLL
Length: 18
Subject: YP_009725311.1 2'-O-ribose methyltransferase [polyprotein_range=YP_009724389.1:6799-7096] [polyprotein=ORF1ab polyprotein] [organism=Severe acute respiratory syndrome coronavirus 2] [isolate=Wuhan-Hu-1]
Length: 298

score: 12
15   SLL   17
    |||    
0    SLL    2


Frame: 2
Query: MRIKMHFSHIQNVMSSLL
Length: 18
Subject: YP_009742614.1 nsp7 [polyprotein_range=YP_009725295.1:3860-3942] [polyprotein=ORF1a polyprotein] [organism=Severe acute respiratory syndrome coronavirus 2] [isolate=Wuhan-Hu-1]
Length: 83

score: 12
15   SLL   17
    |||    
0    SLL    2


