Frame: 1
Query: QEVIY
Length: 5

score: 15
x: 3 y: 3
QEV
|||
QEV


score: 15
x: 5 y: 3
VIY
|||
VIY


score: 15
x: 5 y: 3
VIY
|||
VIY


score: 15
x: 5 y: 3
VIY
|||
VIY


score: 15
x: 5 y: 3
VIY
|||
VIY

