Frame: -1
Query: TVISY
Length: 5
Subject: YP_009724389.1:1-7096 ORF1ab polyprotein [organism=Severe acute respiratory syndrome coronavirus 2] [isolate=Wuhan-Hu-1]
Length: 7096

score: 18
0    TVISY    4
    ||*|*    
3436 TVLSF 3440


Frame: -1
Query: TVISY
Length: 5
Subject: YP_009725295.1:1-4405 ORF1a polyprotein [organism=Severe acute respiratory syndrome coronavirus 2] [isolate=Wuhan-Hu-1]
Length: 4405

score: 13
0    TVI    2
    |||    
0    TVI    2


Frame: -1
Query: TVISY
Length: 5
Subject: YP_009725299.1 nsp3 [polyprotein_range=YP_009724389.1:819-2763] [polyprotein=ORF1ab polyprotein] [organism=Severe acute respiratory syndrome coronavirus 2] [isolate=Wuhan-Hu-1]
Length: 1945

score: 13
0    TVI    2
    |||    
0    TVI    2


Frame: -1
Query: TVISY
Length: 5
Subject: YP_009725310.1 endoRNAse [polyprotein_range=YP_009724389.1:6453-6798] [polyprotein=ORF1ab polyprotein] [organism=Severe acute respiratory syndrome coronavirus 2] [isolate=Wuhan-Hu-1]
Length: 346

score: 13
0    TVI    2
    |||    
0    TVI    2


Frame: -1
Query: TVISY
Length: 5
Subject: YP_009742610.1 nsp3 [polyprotein_range=YP_009725295.1:819-2763] [polyprotein=ORF1a polyprotein] [organism=Severe acute respiratory syndrome coronavirus 2] [isolate=Wuhan-Hu-1]
Length: 1945

score: 13
0    TVI    2
    |||    
0    TVI    2


Frame: 1
Query: IKGLYLPR
Length: 8
Subject: YP_009724389.1:1-7096 ORF1ab polyprotein [organism=Severe acute respiratory syndrome coronavirus 2] [isolate=Wuhan-Hu-1]
Length: 7096

score: 20
0    IKGLYL    5
    |||**|    
514  IKGSFL  519


Frame: 1
Query: IKGLYLPR
Length: 8
Subject: YP_009725295.1:1-4405 ORF1a polyprotein [organism=Severe acute respiratory syndrome coronavirus 2] [isolate=Wuhan-Hu-1]
Length: 4405

score: 20
0    IKGLYL    5
    |||**|    
514  IKGSFL  519


Frame: 1
Query: IKGLYLPR
Length: 8
Subject: YP_009725301.1 3C-like proteinase [polyprotein_range=YP_009724389.1:3264-3569] [polyprotein=ORF1ab polyprotein] [organism=Severe acute respiratory syndrome coronavirus 2] [isolate=Wuhan-Hu-1]
Length: 306

score: 15
0    IKG    2
    |||    
0    IKG    2


Frame: 1
Query: IKGLYLPR
Length: 8
Subject: YP_009725302.1 nsp6 [polyprotein_range=YP_009724389.1:3570-3859] [polyprotein=ORF1ab polyprotein] [organism=Severe acute respiratory syndrome coronavirus 2] [isolate=Wuhan-Hu-1]
Length: 290

score: 15
0    IKG    2
    |||    
0    IKG    2


Frame: 1
Query: IKGLYLPR
Length: 8
Subject: YP_009725305.1 nsp9 [polyprotein_range=YP_009724389.1:4141-4253] [polyprotein=ORF1ab polyprotein] [organism=Severe acute respiratory syndrome coronavirus 2] [isolate=Wuhan-Hu-1]
Length: 113

score: 15
0    IKG    2
    |||    
0    IKG    2


Frame: 1
Query: IKGLYLPR
Length: 8
Subject: YP_009742612.1 3C-like proteinase [polyprotein_range=YP_009725295.1:3264-3569] [polyprotein=ORF1a polyprotein] [organism=Severe acute respiratory syndrome coronavirus 2] [isolate=Wuhan-Hu-1]
Length: 306

score: 15
0    IKG    2
    |||    
0    IKG    2


Frame: 1
Query: IKGLYLPR
Length: 8
Subject: YP_009742613.1 nsp6 [polyprotein_range=YP_009725295.1:3570-3859] [polyprotein=ORF1a polyprotein] [organism=Severe acute respiratory syndrome coronavirus 2] [isolate=Wuhan-Hu-1]
Length: 290

score: 15
0    IKG    2
    |||    
0    IKG    2


Frame: 1
Query: IKGLYLPR
Length: 8
Subject: YP_009742616.1 nsp9 [polyprotein_range=YP_009725295.1:4141-4253] [polyprotein=ORF1a polyprotein] [organism=Severe acute respiratory syndrome coronavirus 2] [isolate=Wuhan-Hu-1]
Length: 113

score: 15
0    IKG    2
    |||    
0    IKG    2


Frame: 1
Query: IKGLYLPR
Length: 8
Subject: YP_009725300.1 nsp4 [polyprotein_range=YP_009724389.1:2764-3263] [polyprotein=ORF1ab polyprotein] [organism=Severe acute respiratory syndrome coronavirus 2] [isolate=Wuhan-Hu-1]
Length: 500

score: 16
5    LPR    7
    |||    
0    LPR    2


Frame: 1
Query: IKGLYLPR
Length: 8
Subject: YP_009742611.1 nsp4 [polyprotein_range=YP_009725295.1:2764-3263] [polyprotein=ORF1a polyprotein] [organism=Severe acute respiratory syndrome coronavirus 2] [isolate=Wuhan-Hu-1]
Length: 500

score: 16
5    LPR    7
    |||    
0    LPR    2


Frame: 2
Query: LKVYTFPGNKPTNFRSLVDLFSKRTLKSVWLSLGCMLSALTQYN
Length: 44
Subject: YP_009724389.1:1-7096 ORF1ab polyprotein [organism=Severe acute respiratory syndrome coronavirus 2] [isolate=Wuhan-Hu-1]
Length: 7096

score: 30
12   NFRSLVDLFSKRTLK   26
    |***|**|***||*|    
458  NLKTLLSLREVRTIK  472


Frame: 2
Query: LKVYTFPGNKPTNFRSLVDLFSKRTLKSVWLSLGCMLSALTQYN
Length: 44
Subject: YP_009725295.1:1-4405 ORF1a polyprotein [organism=Severe acute respiratory syndrome coronavirus 2] [isolate=Wuhan-Hu-1]
Length: 4405

score: 30
12   NFRSLVDLFSKRTLK   26
    |***|**|***||*|    
458  NLKTLLSLREVRTIK  472


Frame: 2
Query: LKVYTFPGNKPTNFRSLVDLFSKRTLKSVWLSLGCMLSALTQYN
Length: 44
Subject: YP_009725299.1 nsp3 [polyprotein_range=YP_009724389.1:819-2763] [polyprotein=ORF1ab polyprotein] [organism=Severe acute respiratory syndrome coronavirus 2] [isolate=Wuhan-Hu-1]
Length: 1945

score: 30
12   NFRSLVDLFSKRTLK   26
    |***|**|***||*|    
458  NLKTLLSLREVRTIK  472


Frame: 2
Query: LKVYTFPGNKPTNFRSLVDLFSKRTLKSVWLSLGCMLSALTQYN
Length: 44
Subject: YP_009725301.1 3C-like proteinase [polyprotein_range=YP_009724389.1:3264-3569] [polyprotein=ORF1ab polyprotein] [organism=Severe acute respiratory syndrome coronavirus 2] [isolate=Wuhan-Hu-1]
Length: 306

score: 13
0    LKV    2
    |||    
0    LKV    2


Frame: 2
Query: LKVYTFPGNKPTNFRSLVDLFSKRTLKSVWLSLGCMLSALTQYN
Length: 44
Subject: YP_009742610.1 nsp3 [polyprotein_range=YP_009725295.1:819-2763] [polyprotein=ORF1a polyprotein] [organism=Severe acute respiratory syndrome coronavirus 2] [isolate=Wuhan-Hu-1]
Length: 1945

score: 30
12   NFRSLVDLFSKRTLK   26
    |***|**|***||*|    
458  NLKTLLSLREVRTIK  472


Frame: 2
Query: LKVYTFPGNKPTNFRSLVDLFSKRTLKSVWLSLGCMLSALTQYN
Length: 44
Subject: YP_009742612.1 3C-like proteinase [polyprotein_range=YP_009725295.1:3264-3569] [polyprotein=ORF1a polyprotein] [organism=Severe acute respiratory syndrome coronavirus 2] [isolate=Wuhan-Hu-1]
Length: 306

score: 13
0    LKV    2
    |||    
0    LKV    2


Frame: 2
Query: LKVYTFPGNKPTNFRSLVDLFSKRTLKSVWLSLGCMLSALTQYN
Length: 44
Subject: YP_009725300.1 nsp4 [polyprotein_range=YP_009724389.1:2764-3263] [polyprotein=ORF1ab polyprotein] [organism=Severe acute respiratory syndrome coronavirus 2] [isolate=Wuhan-Hu-1]
Length: 500

score: 18
41   QYN   43
    |||    
0    QYN    2


Frame: 2
Query: LKVYTFPGNKPTNFRSLVDLFSKRTLKSVWLSLGCMLSALTQYN
Length: 44
Subject: YP_009742611.1 nsp4 [polyprotein_range=YP_009725295.1:2764-3263] [polyprotein=ORF1a polyprotein] [organism=Severe acute respiratory syndrome coronavirus 2] [isolate=Wuhan-Hu-1]
Length: 500

score: 18
41   QYN   43
    |||    
0    QYN    2


