Frame: 2
Query: FNIDYDCVSFCYMHHMELPTGVHAGTDLEGNFYGPFVDRQTAQAAGTDT
Length: 49

score: 245
x: 49 y: 639
FNIDYDCVSFCYMHHMELPTGVHAGTDLEGNFYGPFVDRQTAQAAGTDT
|||||||||||||||||||||||||||||||||||||||||||||||||
FNIDYDCVSFCYMHHMELPTGVHAGTDLEGNFYGPFVDRQTAQAAGTDT


score: 245
x: 49 y: 639
FNIDYDCVSFCYMHHMELPTGVHAGTDLEGNFYGPFVDRQTAQAAGTDT
|||||||||||||||||||||||||||||||||||||||||||||||||
FNIDYDCVSFCYMHHMELPTGVHAGTDLEGNFYGPFVDRQTAQAAGTDT


score: 245
x: 49 y: 49
FNIDYDCVSFCYMHHMELPTGVHAGTDLEGNFYGPFVDRQTAQAAGTDT
|||||||||||||||||||||||||||||||||||||||||||||||||
FNIDYDCVSFCYMHHMELPTGVHAGTDLEGNFYGPFVDRQTAQAAGTDT


score: 15
x: 3 y: 3
FNI
|||
FNI


score: 245
x: 49 y: 49
FNIDYDCVSFCYMHHMELPTGVHAGTDLEGNFYGPFVDRQTAQAAGTDT
|||||||||||||||||||||||||||||||||||||||||||||||||
FNIDYDCVSFCYMHHMELPTGVHAGTDLEGNFYGPFVDRQTAQAAGTDT


score: 15
x: 49 y: 3
TDT
|||
TDT


score: 15
x: 49 y: 3
TDT
|||
TDT


score: 15
x: 49 y: 3
TDT
|||
TDT


score: 15
x: 49 y: 3
TDT
|||
TDT


score: 15
x: 49 y: 3
TDT
|||
TDT

