Frame: -1
Query: KVRIN
Length: 5

score: 15
x: 5 y: 3
RIN
|||
RIN

