Frame: -1
Query: NSKGLPW
Length: 7

score: 25
x: 7 y: 571
KGLPW
|||||
KGLPW


score: 15
x: 3 y: 3
NSK
|||
NSK


score: 15
x: 7 y: 3
LPW
|||
LPW

