Frame: -1
Query: GLCLIYSCQSCSDCMQQNLSHLLHAAKLPICNKKAFVM
Length: 38
