Frame: 3
Query: RGHLLKIYFSTK
Length: 12

score: 15
x: 3 y: 3
RGH
|||
RGH


score: 20
x: 11 y: 233
GHLLKIYFST
|*|  || ||
GSL__IY_ST


score: 20
x: 11 y: 233
GHLLKIYFST
|*|  || ||
GSL__IY_ST


score: 15
x: 12 y: 3
STK
|||
STK


score: 15
x: 12 y: 3
STK
|||
STK


score: 15
x: 12 y: 3
STK
|||
STK


score: 15
x: 12 y: 3
STK
|||
STK

