Frame: 2
Query: NSSPDDQIGYYRRATRRIRGGDGKMKDLSPRWYFYYLGTGPEAGLPYGA
Length: 49
Subject: YP_009724397.2:1-419 nucleocapsid phosphoprotein [organism=Severe acute respiratory syndrome coronavirus 2] [isolate=Wuhan-Hu-1]
Length: 419

Score: 274
E-value: 1.1919683118774527e-33

0   NSSPDDQIGYYRRATRRIRGGDGKMKDLSPRWYFYYLGTGPEAGLPYGA  48 
    |||||||||||||||||||||||||||||||||||||||||||||||||     
76  NSSPDDQIGYYRRATRRIRGGDGKMKDLSPRWYFYYLGTGPEAGLPYGA  124


Frame: 3
Query: IAVQMTKLATTEELPDEFVVVTVK
Length: 24
Subject: YP_009724389.1:1-7096 ORF1ab polyprotein [organism=Severe acute respiratory syndrome coronavirus 2] [isolate=Wuhan-Hu-1]
Length: 7096

Score: 30
E-value: 5.671101958103189

2     VQMTKLATTEELPDEF  17  
      |**|*|**|****|||      
5570  VRITGLYPTLNISDEF  5585


Frame: 2
Query: NSSPDDQIGYYRRATRRIRGGDGKMKDLSPRWYFYYLGTGPEAGLPYGA
Length: 49
Subject: YP_009724389.1:1-7096 ORF1ab polyprotein [organism=Severe acute respiratory syndrome coronavirus 2] [isolate=Wuhan-Hu-1]
Length: 7096

Score: 30
E-value: 11.578499831127345

26    DLSPRWYFY  34  
      |***|*|||      
1416  DYGARFYFY  1424


Frame: 2
Query: NSSPDDQIGYYRRATRRIRGGDGKMKDLSPRWYFYYLGTGPEAGLPYGA
Length: 49
Subject: YP_009725295.1:1-4405 ORF1a polyprotein [organism=Severe acute respiratory syndrome coronavirus 2] [isolate=Wuhan-Hu-1]
Length: 4405

Score: 30
E-value: 11.578499831127345

26    DLSPRWYFY  34  
      |***|*|||      
1416  DYGARFYFY  1424


Frame: 3
Query: IAVQMTKLATTEELPDEFVVVTVK
Length: 24
Subject: YP_009725295.1:1-4405 ORF1a polyprotein [organism=Severe acute respiratory syndrome coronavirus 2] [isolate=Wuhan-Hu-1]
Length: 4405

Score: 27
E-value: 14.843802643352754

7     LATTEELPDEFVVVTV  22  
      |******|*|****|*      
1489  LTSSSKTPEEHFIETI  1504

7     LATTEELPDEFVVVTVK  23  
      |******|*|****|**      
1489  LTSSSKTPEEHFIETIS  1505


Frame: -3
Query: STIGKSSFWPSS
Length: 12
Subject: YP_009724389.1:1-7096 ORF1ab polyprotein [organism=Severe acute respiratory syndrome coronavirus 2] [isolate=Wuhan-Hu-1]
Length: 7096

Score: 24
E-value: 19.42642528230111

2     IGKSSFWPSS  11  
      ||*****||*      
5616  IGLALYYPSA  5625


Frame: 2
Query: NSSPDDQIGYYRRATRRIRGGDGKMKDLSPRWYFYYLGTGPEAGLPYGA
Length: 49
Subject: YP_009725299.1 nsp3 [polyprotein_range=YP_009724389.1:819-2763] [polyprotein=ORF1ab polyprotein] [organism=Severe acute respiratory syndrome coronavirus 2] [isolate=Wuhan-Hu-1]
Length: 1945

Score: 26
E-value: 41.76597093405991

0     NSSPDDQIGYYRR  12  
      ||*|*|*|**|**      
1312  NSVPWDTIANYAK  1324

6     QIGYYRRATRR  16  
      |*|*|***|**      
1013  QCGHYKHITSK  1023

30   RWYFY  34 
     |*|||     
602  RFYFY  606


Frame: 2
Query: NSSPDDQIGYYRRATRRIRGGDGKMKDLSPRWYFYYLGTGPEAGLPYGA
Length: 49
Subject: YP_009742610.1 nsp3 [polyprotein_range=YP_009725295.1:819-2763] [polyprotein=ORF1a polyprotein] [organism=Severe acute respiratory syndrome coronavirus 2] [isolate=Wuhan-Hu-1]
Length: 1945

Score: 26
E-value: 41.76597093405991

0     NSSPDDQIGYYRR  12  
      ||*|*|*|**|**      
1312  NSVPWDTIANYAK  1324

6     QIGYYRRATRR  16  
      |*|*|***|**      
1013  QCGHYKHITSK  1023

30   RWYFY  34 
     |*|||     
602  RFYFY  606


Frame: -1
Query: LAP
Length: 3
Subject: YP_009724389.1:1-7096 ORF1ab polyprotein [organism=Severe acute respiratory syndrome coronavirus 2] [isolate=Wuhan-Hu-1]
Length: 7096

Score: 15
E-value: 87.08955055960216

0    LAP  2  
     |||     
801  LAP  803

0     LAP  2   
      |||      
1144  LAP  1146


Frame: -1
Query: LAP
Length: 3
Subject: YP_009725295.1:1-4405 ORF1a polyprotein [organism=Severe acute respiratory syndrome coronavirus 2] [isolate=Wuhan-Hu-1]
Length: 4405

Score: 15
E-value: 87.08955055960216

0    LAP  2  
     |||     
801  LAP  803

0     LAP  2   
      |||      
1144  LAP  1146


Frame: -1
Query: LAP
Length: 3
Subject: YP_009725298.1 nsp2 [polyprotein_range=YP_009724389.1:181-818] [polyprotein=ORF1ab polyprotein] [organism=Severe acute respiratory syndrome coronavirus 2] [isolate=Wuhan-Hu-1]
Length: 638

Score: 15
E-value: 87.08955055960216

0    LAP  2  
     |||     
621  LAP  623


Frame: -1
Query: LAP
Length: 3
Subject: YP_009725299.1 nsp3 [polyprotein_range=YP_009724389.1:819-2763] [polyprotein=ORF1ab polyprotein] [organism=Severe acute respiratory syndrome coronavirus 2] [isolate=Wuhan-Hu-1]
Length: 1945

Score: 15
E-value: 87.08955055960216

0    LAP  2  
     |||     
326  LAP  328


Frame: -1
Query: LAP
Length: 3
Subject: YP_009742609.1 nsp2 [polyprotein_range=YP_009725295.1:181-818] [polyprotein=ORF1a polyprotein] [organism=Severe acute respiratory syndrome coronavirus 2] [isolate=Wuhan-Hu-1]
Length: 638

Score: 15
E-value: 87.08955055960216

0    LAP  2  
     |||     
621  LAP  623


Frame: -1
Query: LAP
Length: 3
Subject: YP_009742610.1 nsp3 [polyprotein_range=YP_009725295.1:819-2763] [polyprotein=ORF1a polyprotein] [organism=Severe acute respiratory syndrome coronavirus 2] [isolate=Wuhan-Hu-1]
Length: 1945

Score: 15
E-value: 87.08955055960216

0    LAP  2  
     |||     
326  LAP  328


Frame: 3
Query: IAVQMTKLATTEELPDEFVVVTVK
Length: 24
Subject: YP_009725299.1 nsp3 [polyprotein_range=YP_009724389.1:819-2763] [polyprotein=ORF1ab polyprotein] [organism=Severe acute respiratory syndrome coronavirus 2] [isolate=Wuhan-Hu-1]
Length: 1945

Score: 18
E-value: 266.1817770421831

20    VTVK  23  
      ||||      
1675  VTVK  1678


Frame: 3
Query: IAVQMTKLATTEELPDEFVVVTVK
Length: 24
Subject: YP_009742610.1 nsp3 [polyprotein_range=YP_009725295.1:819-2763] [polyprotein=ORF1a polyprotein] [organism=Severe acute respiratory syndrome coronavirus 2] [isolate=Wuhan-Hu-1]
Length: 1945

Score: 18
E-value: 266.1817770421831

20    VTVK  23  
      ||||      
1675  VTVK  1678


Frame: -3
Query: STIGKSSFWPSS
Length: 12
Subject: YP_009725295.1:1-4405 ORF1a polyprotein [organism=Severe acute respiratory syndrome coronavirus 2] [isolate=Wuhan-Hu-1]
Length: 4405

Score: 13
E-value: 661.6238997119787

0     STI  2   
      |||      
1399  STI  1401


Frame: -3
Query: STIGKSSFWPSS
Length: 12
Subject: YP_009725299.1 nsp3 [polyprotein_range=YP_009724389.1:819-2763] [polyprotein=ORF1ab polyprotein] [organism=Severe acute respiratory syndrome coronavirus 2] [isolate=Wuhan-Hu-1]
Length: 1945

Score: 13
E-value: 661.6238997119787

0    STI  2  
     |||     
581  STI  583


Frame: -3
Query: STIGKSSFWPSS
Length: 12
Subject: YP_009725310.1 endoRNAse [polyprotein_range=YP_009724389.1:6453-6798] [polyprotein=ORF1ab polyprotein] [organism=Severe acute respiratory syndrome coronavirus 2] [isolate=Wuhan-Hu-1]
Length: 346

Score: 13
E-value: 661.6238997119787

0   STI  2 
    |||    
96  STI  98


Frame: -3
Query: STIGKSSFWPSS
Length: 12
Subject: YP_009742610.1 nsp3 [polyprotein_range=YP_009725295.1:819-2763] [polyprotein=ORF1a polyprotein] [organism=Severe acute respiratory syndrome coronavirus 2] [isolate=Wuhan-Hu-1]
Length: 1945

Score: 13
E-value: 661.6238997119787

0    STI  2  
     |||     
581  STI  583


Frame: 2
Query: NSSPDDQIGYYRRATRRIRGGDGKMKDLSPRWYFYYLGTGPEAGLPYGA
Length: 49
Subject: YP_009725297.1 leader protein [polyprotein_range=YP_009724389.1:1-180] [polyprotein=ORF1ab polyprotein] [organism=Severe acute respiratory syndrome coronavirus 2] [isolate=Wuhan-Hu-1]
Length: 180

Score: 17
E-value: 748.9550103994897

46   YGA  48 
     |||     
135  YGA  137


Frame: 2
Query: NSSPDDQIGYYRRATRRIRGGDGKMKDLSPRWYFYYLGTGPEAGLPYGA
Length: 49
Subject: YP_009742608.1 leader protein [polyprotein_range=YP_009725295.1:1-180] [polyprotein=ORF1a polyprotein] [organism=Severe acute respiratory syndrome coronavirus 2] [isolate=Wuhan-Hu-1]
Length: 180

Score: 17
E-value: 748.9550103994897

46   YGA  48 
     |||     
135  YGA  137


Frame: 3
Query: IAVQMTKLATTEELPDEFVVVTVK
Length: 24
Subject: YP_009725298.1 nsp2 [polyprotein_range=YP_009724389.1:181-818] [polyprotein=ORF1ab polyprotein] [organism=Severe acute respiratory syndrome coronavirus 2] [isolate=Wuhan-Hu-1]
Length: 638

Score: 14
E-value: 960.1710519727831

21   TVK  23 
     |||     
309  TVK  311


Frame: 3
Query: IAVQMTKLATTEELPDEFVVVTVK
Length: 24
Subject: YP_009725307.1 RNA-dependent RNA polymerase [polyprotein_range=YP_009724389.1:4393-5324] [polyprotein=ORF1ab polyprotein] [organism=Severe acute respiratory syndrome coronavirus 2] [isolate=Wuhan-Hu-1]
Length: 932

Score: 14
E-value: 960.1710519727831

21   TVK  23 
     |||     
408  TVK  410


Frame: 3
Query: IAVQMTKLATTEELPDEFVVVTVK
Length: 24
Subject: YP_009725310.1 endoRNAse [polyprotein_range=YP_009724389.1:6453-6798] [polyprotein=ORF1ab polyprotein] [organism=Severe acute respiratory syndrome coronavirus 2] [isolate=Wuhan-Hu-1]
Length: 346

Score: 14
E-value: 960.1710519727831

21   TVK  23 
     |||     
273  TVK  275


Frame: 3
Query: IAVQMTKLATTEELPDEFVVVTVK
Length: 24
Subject: YP_009742609.1 nsp2 [polyprotein_range=YP_009725295.1:181-818] [polyprotein=ORF1a polyprotein] [organism=Severe acute respiratory syndrome coronavirus 2] [isolate=Wuhan-Hu-1]
Length: 638

Score: 14
E-value: 960.1710519727831

21   TVK  23 
     |||     
309  TVK  311


Frame: 3
Query: IAVQMTKLATTEELPDEFVVVTVK
Length: 24
Subject: YP_009724390.1:1-1273 surface glycoprotein [organism=Severe acute respiratory syndrome coronavirus 2] [isolate=Wuhan-Hu-1]
Length: 1273

Score: 12
E-value: 1823.6175055296071

0    IAV  2  
     |||     
769  IAV  771


Frame: 3
Query: IAVQMTKLATTEELPDEFVVVTVK
Length: 24
Subject: YP_009725301.1 3C-like proteinase [polyprotein_range=YP_009724389.1:3264-3569] [polyprotein=ORF1ab polyprotein] [organism=Severe acute respiratory syndrome coronavirus 2] [isolate=Wuhan-Hu-1]
Length: 306

Score: 12
E-value: 1823.6175055296071

0    IAV  2  
     |||     
258  IAV  260


Frame: 3
Query: IAVQMTKLATTEELPDEFVVVTVK
Length: 24
Subject: YP_009742612.1 3C-like proteinase [polyprotein_range=YP_009725295.1:3264-3569] [polyprotein=ORF1a polyprotein] [organism=Severe acute respiratory syndrome coronavirus 2] [isolate=Wuhan-Hu-1]
Length: 306

Score: 12
E-value: 1823.6175055296071

0    IAV  2  
     |||     
258  IAV  260


Frame: 2
Query: NSSPDDQIGYYRRATRRIRGGDGKMKDLSPRWYFYYLGTGPEAGLPYGA
Length: 49
Subject: YP_009724392.1:1-75 envelope protein [organism=Severe acute respiratory syndrome coronavirus 2] [isolate=Wuhan-Hu-1]
Length: 75

Score: 14
E-value: 1960.349231111099

0   NSS  2 
    |||    
65  NSS  67


