Frame: 2
Query: FLVYIKIHVLVAIMLLTLMQLQHVTGQMLVITF
Length: 33
