Frame: 3
Query: VFWLLNVQFLKMLLVSQYHIVMIPMY
Length: 26
