Frame: -2
Query: NNSKLQTK
Length: 8

score: 15
x: 3 y: 3
NNS
|||
NNS


score: 15
x: 3 y: 3
NNS
|||
NNS

x: 3 y: 55
NNS
|||
NNS


score: 15
x: 3 y: 3
NNS
|||
NNS


score: 15
x: 3 y: 3
NNS
|||
NNS


score: 15
x: 3 y: 3
NNS
|||
NNS

