Frame: -3
Query: NTVADSLPVPSINRCKSGGVKNFTKRAQVCNIRKSNNRFCWLDSKVRSL
Length: 49

score: 45
x: 43 y: 1059
VA_D_SL____PV_P___SINRCKSGGVKN______FTKRAQVCNIRKSNNRFCWLD
|| | ||    |* |   |*****|**|||      |*|**|****|*|***|**||
VARDLSLQFKRPINPTDQSSYIVDSVTVKNGSIHLYFDKAGQKTYERHSLSHFVNLD

x: 49 y: 1070
VA_D_SL____PV_P___SINRCKSGGVKN______FTKRAQVCNIRKSNNRFCWLDSKVR_____SL
|| | ||    |* |   |*****|**|||      |*|**|****|*|***|**||****     ||
VARDLSLQFKRPINPTDQSSYIVDSVTVKNGSIHLYFDKAGQKTYERHSLSHFVNLDNLRANNTKGSL


score: 15
x: 3 y: 3
NTV
|||
NTV


score: 45
x: 43 y: 1059
VA_D_SL____PV_P___SINRCKSGGVKN______FTKRAQVCNIRKSNNRFCWLD
|| | ||    |* |   |*****|**|||      |*|**|****|*|***|**||
VARDLSLQFKRPINPTDQSSYIVDSVTVKNGSIHLYFDKAGQKTYERHSLSHFVNLD

x: 49 y: 1070
VA_D_SL____PV_P___SINRCKSGGVKN______FTKRAQVCNIRKSNNRFCWLDSKVR_____SL
|| | ||    |* |   |*****|**|||      |*|**|****|*|***|**||****     ||
VARDLSLQFKRPINPTDQSSYIVDSVTVKNGSIHLYFDKAGQKTYERHSLSHFVNLDNLRANNTKGSL


score: 31
x: 49 y: 653
VADSLPVPSINRCKSGGVKNFTKR__AQVCN____IRKSNNRFCWLDSKVRSL
|*|****|**|**|*******|**  |*|*|    |*|*|*    | |*|**|
VGDIILKPANNSLKITEEVGHTDLMAAYVDNSSLTIKKPNE____L_SRVLGL


score: 15
x: 3 y: 3
NTV
|||
NTV


score: 21
x: 20 y: 49
NTVADSL_______PVPS__INRCKSGGV
| ||**|       |||*  |****  ||
N_VAFELWAKRNIKPVPEVKILNNL__GV


score: 31
x: 49 y: 653
VADSLPVPSINRCKSGGVKNFTKR__AQVCN____IRKSNNRFCWLDSKVRSL
|*|****|**|**|*******|**  |*|*|    |*|*|*    | |*|**|
VGDIILKPANNSLKITEEVGHTDLMAAYVDNSSLTIKKPNE____L_SRVLGL


score: 15
x: 3 y: 3
NTV
|||
NTV


score: 15
x: 49 y: 3
RSL
|||
RSL


score: 15
x: 49 y: 3
RSL
|||
RSL

