Frame: 2
Query: QTSNFRVQPTESIVRFPNITNLCPFGEVFNATRFASVYAWNRKRISNCV
Length: 49
Subject: YP_009724390.1:1-1273 surface glycoprotein [organism=Severe acute respiratory syndrome coronavirus 2] [isolate=Wuhan-Hu-1]
Length: 1273

Score: 263
E-value: 4.0595977457364225e-32

0    QTSNFRVQPTESIVRFPNITNLCPFGEVFNATRFASVYAWNRKRISNCV   48
     |||||||||||||||||||||||||||||||||||||||||||||||||     
0    QTSNFRVQPTESIVRFPNITNLCPFGEVFNATRFASVYAWNRKRISNCV   48


Frame: 3
Query: KLLTLESNQQNLLLDFLILQTCALLVKFLTPPDLHLFMLGTGRESATVL
Length: 49
Subject: YP_009724389.1:1-7096 ORF1ab polyprotein [organism=Severe acute respiratory syndrome coronavirus 2] [isolate=Wuhan-Hu-1]
Length: 7096

Score: 33
E-value: 4.423587044496876

10   NLLLDFLILQTC   21
     |****||*|**|     
884  NIIIWFLLLSVC  895


Frame: 3
Query: KLLTLESNQQNLLLDFLILQTCALLVKFLTPPDLHLFMLGTGRESATVL
Length: 49
Subject: YP_009725295.1:1-4405 ORF1a polyprotein [organism=Severe acute respiratory syndrome coronavirus 2] [isolate=Wuhan-Hu-1]
Length: 4405

Score: 33
E-value: 4.423587044496876

10   NLLLDFLILQTC   21
     |****||*|**|     
884  NIIIWFLLLSVC  895


Frame: -3
Query: NTVADSLPVPSINRCKSGGVKNFTKRAQVCNIRKSNNRFCWLDSKVRSL
Length: 49
Subject: YP_009724389.1:1-7096 ORF1ab polyprotein [organism=Severe acute respiratory syndrome coronavirus 2] [isolate=Wuhan-Hu-1]
Length: 7096

Score: 32
E-value: 6.096311495919527

22   FTKRAQVCNIRKSNN   36
     ||***|*|****|*|     
706  FTLLLQLCTFTRSTN  720


Frame: -3
Query: NTVADSLPVPSINRCKSGGVKNFTKRAQVCNIRKSNNRFCWLDSKVRSL
Length: 49
Subject: YP_009725295.1:1-4405 ORF1a polyprotein [organism=Severe acute respiratory syndrome coronavirus 2] [isolate=Wuhan-Hu-1]
Length: 4405

Score: 32
E-value: 6.096311495919527

22   FTKRAQVCNIRKSNN   36
     ||***|*|****|*|     
706  FTLLLQLCTFTRSTN  720


Frame: -3
Query: NTVADSLPVPSINRCKSGGVKNFTKRAQVCNIRKSNNRFCWLDSKVRSL
Length: 49
Subject: YP_009725299.1 nsp3 [polyprotein_range=YP_009724389.1:819-2763] [polyprotein=ORF1ab polyprotein] [organism=Severe acute respiratory syndrome coronavirus 2] [isolate=Wuhan-Hu-1]
Length: 1945

Score: 32
E-value: 6.096311495919527

22   FTKRAQVCNIRKSNN   36
     ||***|*|****|*|     
706  FTLLLQLCTFTRSTN  720


Frame: -3
Query: NTVADSLPVPSINRCKSGGVKNFTKRAQVCNIRKSNNRFCWLDSKVRSL
Length: 49
Subject: YP_009742610.1 nsp3 [polyprotein_range=YP_009725295.1:819-2763] [polyprotein=ORF1a polyprotein] [organism=Severe acute respiratory syndrome coronavirus 2] [isolate=Wuhan-Hu-1]
Length: 1945

Score: 32
E-value: 6.096311495919527

22   FTKRAQVCNIRKSNN   36
     ||***|*|****|*|     
706  FTLLLQLCTFTRSTN  720


Frame: 2
Query: QTSNFRVQPTESIVRFPNITNLCPFGEVFNATRFASVYAWNRKRISNCV
Length: 49
Subject: YP_009724389.1:1-7096 ORF1ab polyprotein [organism=Severe acute respiratory syndrome coronavirus 2] [isolate=Wuhan-Hu-1]
Length: 7096

Score: 31
E-value: 8.401555905069253

11   SIVRFPN   17
     ||**|||     
509  SIIQFPN  515


Frame: 2
Query: QTSNFRVQPTESIVRFPNITNLCPFGEVFNATRFASVYAWNRKRISNCV
Length: 49
Subject: YP_009725295.1:1-4405 ORF1a polyprotein [organism=Severe acute respiratory syndrome coronavirus 2] [isolate=Wuhan-Hu-1]
Length: 4405

Score: 31
E-value: 8.401555905069253

11   SIVRFPN   17
     ||**|||     
509  SIIQFPN  515


Frame: -2
Query: QHSC
Length: 4
Subject: YP_009724389.1:1-7096 ORF1ab polyprotein [organism=Severe acute respiratory syndrome coronavirus 2] [isolate=Wuhan-Hu-1]
Length: 7096

Score: 21
E-value: 16.949205820824538

1    HSC    3
     |||     
0    HSC    2


Frame: -2
Query: QHSC
Length: 4
Subject: YP_009725308.1 helicase [polyprotein_range=YP_009724389.1:5325-5925] [polyprotein=ORF1ab polyprotein] [organism=Severe acute respiratory syndrome coronavirus 2] [isolate=Wuhan-Hu-1]
Length: 601

Score: 21
E-value: 16.949205820824538

1    HSC    3
     |||     
0    HSC    2


Frame: 1
Query: SNF
Length: 3
Subject: YP_009724390.1:1-1273 surface glycoprotein [organism=Severe acute respiratory syndrome coronavirus 2] [isolate=Wuhan-Hu-1]
Length: 1273

Score: 16
E-value: 63.19365534788899

0    SNF    2
     |||     
0    SNF    2

0    SNF    2
     |||     
652  SNF  654


Frame: -3
Query: NTVADSLPVPSINRCKSGGVKNFTKRAQVCNIRKSNNRFCWLDSKVRSL
Length: 49
Subject: YP_009725310.1 endoRNAse [polyprotein_range=YP_009724389.1:6453-6798] [polyprotein=ORF1ab polyprotein] [organism=Severe acute respiratory syndrome coronavirus 2] [isolate=Wuhan-Hu-1]
Length: 346

Score: 24
E-value: 79.32456990272955

7    PVPSINRCKSGGV   19
     |||********||     
36   PVPEVKILNNLGV   48


Frame: 3
Query: KLLTLESNQQNLLLDFLILQTCALLVKFLTPPDLHLFMLGTGRESATVL
Length: 49
Subject: YP_009725299.1 nsp3 [polyprotein_range=YP_009724389.1:819-2763] [polyprotein=ORF1ab polyprotein] [organism=Severe acute respiratory syndrome coronavirus 2] [isolate=Wuhan-Hu-1]
Length: 1945

Score: 22
E-value: 150.65823323459784

21   CALLVKF   27
     |||****     
367  CALILAY  373


Frame: 3
Query: KLLTLESNQQNLLLDFLILQTCALLVKFLTPPDLHLFMLGTGRESATVL
Length: 49
Subject: YP_009725307.1 RNA-dependent RNA polymerase [polyprotein_range=YP_009724389.1:4393-5324] [polyprotein=ORF1ab polyprotein] [organism=Severe acute respiratory syndrome coronavirus 2] [isolate=Wuhan-Hu-1]
Length: 932

Score: 22
E-value: 150.65823323459784

2    LTLESNQQNLLLDFLILQTCALLVKFLTPPDLHLF   36
     ||***||*******|*||****|***||***|***     
295  LTKHPNQEYADVFHLYLQYIRKLHDELTGHMLDMY  329

2    LTLESNQQNLLLDFLILQTCALLVKFLTPPDLHLFML   38
     ||***||*******|*||****|***||***|*****     
295  LTKHPNQEYADVFHLYLQYIRKLHDELTGHMLDMYSV  331


Frame: 3
Query: KLLTLESNQQNLLLDFLILQTCALLVKFLTPPDLHLFMLGTGRESATVL
Length: 49
Subject: YP_009742610.1 nsp3 [polyprotein_range=YP_009725295.1:819-2763] [polyprotein=ORF1a polyprotein] [organism=Severe acute respiratory syndrome coronavirus 2] [isolate=Wuhan-Hu-1]
Length: 1945

Score: 22
E-value: 150.65823323459784

21   CALLVKF   27
     |||****     
367  CALILAY  373


Frame: 2
Query: QTSNFRVQPTESIVRFPNITNLCPFGEVFNATRFASVYAWNRKRISNCV
Length: 49
Subject: YP_009725299.1 nsp3 [polyprotein_range=YP_009724389.1:819-2763] [polyprotein=ORF1ab polyprotein] [organism=Severe acute respiratory syndrome coronavirus 2] [isolate=Wuhan-Hu-1]
Length: 1945

Score: 19
E-value: 394.33977686385447

46   NCV   48
     |||     
0    NCV    2


Frame: 2
Query: QTSNFRVQPTESIVRFPNITNLCPFGEVFNATRFASVYAWNRKRISNCV
Length: 49
Subject: YP_009725301.1 3C-like proteinase [polyprotein_range=YP_009724389.1:3264-3569] [polyprotein=ORF1ab polyprotein] [organism=Severe acute respiratory syndrome coronavirus 2] [isolate=Wuhan-Hu-1]
Length: 306

Score: 19
E-value: 394.33977686385447

46   NCV   48
     |||     
0    NCV    2


Frame: 2
Query: QTSNFRVQPTESIVRFPNITNLCPFGEVFNATRFASVYAWNRKRISNCV
Length: 49
Subject: YP_009725306.1 nsp10 [polyprotein_range=YP_009724389.1:4254-4392] [polyprotein=ORF1ab polyprotein] [organism=Severe acute respiratory syndrome coronavirus 2] [isolate=Wuhan-Hu-1]
Length: 139

Score: 19
E-value: 394.33977686385447

46   NCV   48
     |||     
0    NCV    2


Frame: 2
Query: QTSNFRVQPTESIVRFPNITNLCPFGEVFNATRFASVYAWNRKRISNCV
Length: 49
Subject: YP_009725307.1 RNA-dependent RNA polymerase [polyprotein_range=YP_009724389.1:4393-5324] [polyprotein=ORF1ab polyprotein] [organism=Severe acute respiratory syndrome coronavirus 2] [isolate=Wuhan-Hu-1]
Length: 932

Score: 19
E-value: 394.33977686385447

46   NCV   48
     |||     
0    NCV    2


Frame: 2
Query: QTSNFRVQPTESIVRFPNITNLCPFGEVFNATRFASVYAWNRKRISNCV
Length: 49
Subject: YP_009742610.1 nsp3 [polyprotein_range=YP_009725295.1:819-2763] [polyprotein=ORF1a polyprotein] [organism=Severe acute respiratory syndrome coronavirus 2] [isolate=Wuhan-Hu-1]
Length: 1945

Score: 19
E-value: 394.33977686385447

46   NCV   48
     |||     
0    NCV    2


Frame: 2
Query: QTSNFRVQPTESIVRFPNITNLCPFGEVFNATRFASVYAWNRKRISNCV
Length: 49
Subject: YP_009742612.1 3C-like proteinase [polyprotein_range=YP_009725295.1:3264-3569] [polyprotein=ORF1a polyprotein] [organism=Severe acute respiratory syndrome coronavirus 2] [isolate=Wuhan-Hu-1]
Length: 306

Score: 19
E-value: 394.33977686385447

46   NCV   48
     |||     
0    NCV    2


Frame: 2
Query: QTSNFRVQPTESIVRFPNITNLCPFGEVFNATRFASVYAWNRKRISNCV
Length: 49
Subject: YP_009742617.1 nsp10 [polyprotein_range=YP_009725295.1:4254-4392] [polyprotein=ORF1a polyprotein] [organism=Severe acute respiratory syndrome coronavirus 2] [isolate=Wuhan-Hu-1]
Length: 139

Score: 19
E-value: 394.33977686385447

46   NCV   48
     |||     
0    NCV    2


Frame: -3
Query: NTVADSLPVPSINRCKSGGVKNFTKRAQVCNIRKSNNRFCWLDSKVRSL
Length: 49
Subject: YP_009724390.1:1-1273 surface glycoprotein [organism=Severe acute respiratory syndrome coronavirus 2] [isolate=Wuhan-Hu-1]
Length: 1273

Score: 15
E-value: 1422.4626591401686

0    NTV    2
     |||     
0    NTV    2


Frame: -3
Query: NTVADSLPVPSINRCKSGGVKNFTKRAQVCNIRKSNNRFCWLDSKVRSL
Length: 49
Subject: YP_009725306.1 nsp10 [polyprotein_range=YP_009724389.1:4254-4392] [polyprotein=ORF1ab polyprotein] [organism=Severe acute respiratory syndrome coronavirus 2] [isolate=Wuhan-Hu-1]
Length: 139

Score: 15
E-value: 1422.4626591401686

0    NTV    2
     |||     
0    NTV    2


Frame: -3
Query: NTVADSLPVPSINRCKSGGVKNFTKRAQVCNIRKSNNRFCWLDSKVRSL
Length: 49
Subject: YP_009742617.1 nsp10 [polyprotein_range=YP_009725295.1:4254-4392] [polyprotein=ORF1a polyprotein] [organism=Severe acute respiratory syndrome coronavirus 2] [isolate=Wuhan-Hu-1]
Length: 139

Score: 15
E-value: 1422.4626591401686

0    NTV    2
     |||     
0    NTV    2


Frame: 2
Query: QTSNFRVQPTESIVRFPNITNLCPFGEVFNATRFASVYAWNRKRISNCV
Length: 49
Subject: YP_009725300.1 nsp4 [polyprotein_range=YP_009724389.1:2764-3263] [polyprotein=ORF1ab polyprotein] [organism=Severe acute respiratory syndrome coronavirus 2] [isolate=Wuhan-Hu-1]
Length: 500

Score: 14
E-value: 1960.349231111099

0    QTS    2
     |||     
0    QTS    2


Frame: 2
Query: QTSNFRVQPTESIVRFPNITNLCPFGEVFNATRFASVYAWNRKRISNCV
Length: 49
Subject: YP_009725308.1 helicase [polyprotein_range=YP_009724389.1:5325-5925] [polyprotein=ORF1ab polyprotein] [organism=Severe acute respiratory syndrome coronavirus 2] [isolate=Wuhan-Hu-1]
Length: 601

Score: 14
E-value: 1960.349231111099

0    QTS    2
     |||     
0    QTS    2


Frame: 2
Query: QTSNFRVQPTESIVRFPNITNLCPFGEVFNATRFASVYAWNRKRISNCV
Length: 49
Subject: YP_009742611.1 nsp4 [polyprotein_range=YP_009725295.1:2764-3263] [polyprotein=ORF1a polyprotein] [organism=Severe acute respiratory syndrome coronavirus 2] [isolate=Wuhan-Hu-1]
Length: 500

Score: 14
E-value: 1960.349231111099

0    QTS    2
     |||     
0    QTS    2


Frame: -3
Query: NTVADSLPVPSINRCKSGGVKNFTKRAQVCNIRKSNNRFCWLDSKVRSL
Length: 49
Subject: YP_009725300.1 nsp4 [polyprotein_range=YP_009724389.1:2764-3263] [polyprotein=ORF1ab polyprotein] [organism=Severe acute respiratory syndrome coronavirus 2] [isolate=Wuhan-Hu-1]
Length: 500

Score: 13
E-value: 2701.6309238239132

46   RSL   48
     |||     
0    RSL    2


Frame: -3
Query: NTVADSLPVPSINRCKSGGVKNFTKRAQVCNIRKSNNRFCWLDSKVRSL
Length: 49
Subject: YP_009742611.1 nsp4 [polyprotein_range=YP_009725295.1:2764-3263] [polyprotein=ORF1a polyprotein] [organism=Severe acute respiratory syndrome coronavirus 2] [isolate=Wuhan-Hu-1]
Length: 500

Score: 13
E-value: 2701.6309238239132

46   RSL   48
     |||     
0    RSL    2


Frame: 3
Query: KLLTLESNQQNLLLDFLILQTCALLVKFLTPPDLHLFMLGTGRESATVL
Length: 49
Subject: YP_009724393.1:1-222 membrane glycoprotein [organism=Severe acute respiratory syndrome coronavirus 2] [isolate=Wuhan-Hu-1]
Length: 222

Score: 13
E-value: 2701.6309238239132

0    KLL    2
     |||     
0    KLL    2


Frame: 3
Query: KLLTLESNQQNLLLDFLILQTCALLVKFLTPPDLHLFMLGTGRESATVL
Length: 49
Subject: YP_009725302.1 nsp6 [polyprotein_range=YP_009724389.1:3570-3859] [polyprotein=ORF1ab polyprotein] [organism=Severe acute respiratory syndrome coronavirus 2] [isolate=Wuhan-Hu-1]
Length: 290

Score: 13
E-value: 2701.6309238239132

0    KLL    2
     |||     
0    KLL    2


Frame: 3
Query: KLLTLESNQQNLLLDFLILQTCALLVKFLTPPDLHLFMLGTGRESATVL
Length: 49
Subject: YP_009742613.1 nsp6 [polyprotein_range=YP_009725295.1:3570-3859] [polyprotein=ORF1a polyprotein] [organism=Severe acute respiratory syndrome coronavirus 2] [isolate=Wuhan-Hu-1]
Length: 290

Score: 13
E-value: 2701.6309238239132

0    KLL    2
     |||     
0    KLL    2


Frame: 3
Query: KLLTLESNQQNLLLDFLILQTCALLVKFLTPPDLHLFMLGTGRESATVL
Length: 49
Subject: YP_009724390.1:1-1273 surface glycoprotein [organism=Severe acute respiratory syndrome coronavirus 2] [isolate=Wuhan-Hu-1]
Length: 1273

Score: 13
E-value: 2701.6309238239132

46   TVL   48
     |||     
0    TVL    2


Frame: 3
Query: KLLTLESNQQNLLLDFLILQTCALLVKFLTPPDLHLFMLGTGRESATVL
Length: 49
Subject: YP_009724395.1:1-121 ORF7a protein [organism=Severe acute respiratory syndrome coronavirus 2] [isolate=Wuhan-Hu-1]
Length: 121

Score: 13
E-value: 2701.6309238239132

46   TVL   48
     |||     
0    TVL    2


Frame: 3
Query: KLLTLESNQQNLLLDFLILQTCALLVKFLTPPDLHLFMLGTGRESATVL
Length: 49
Subject: YP_009725300.1 nsp4 [polyprotein_range=YP_009724389.1:2764-3263] [polyprotein=ORF1ab polyprotein] [organism=Severe acute respiratory syndrome coronavirus 2] [isolate=Wuhan-Hu-1]
Length: 500

Score: 13
E-value: 2701.6309238239132

46   TVL   48
     |||     
0    TVL    2


Frame: 3
Query: KLLTLESNQQNLLLDFLILQTCALLVKFLTPPDLHLFMLGTGRESATVL
Length: 49
Subject: YP_009725306.1 nsp10 [polyprotein_range=YP_009724389.1:4254-4392] [polyprotein=ORF1ab polyprotein] [organism=Severe acute respiratory syndrome coronavirus 2] [isolate=Wuhan-Hu-1]
Length: 139

Score: 13
E-value: 2701.6309238239132

46   TVL   48
     |||     
0    TVL    2


Frame: 3
Query: KLLTLESNQQNLLLDFLILQTCALLVKFLTPPDLHLFMLGTGRESATVL
Length: 49
Subject: YP_009742611.1 nsp4 [polyprotein_range=YP_009725295.1:2764-3263] [polyprotein=ORF1a polyprotein] [organism=Severe acute respiratory syndrome coronavirus 2] [isolate=Wuhan-Hu-1]
Length: 500

Score: 13
E-value: 2701.6309238239132

46   TVL   48
     |||     
0    TVL    2


Frame: 3
Query: KLLTLESNQQNLLLDFLILQTCALLVKFLTPPDLHLFMLGTGRESATVL
Length: 49
Subject: YP_009742617.1 nsp10 [polyprotein_range=YP_009725295.1:4254-4392] [polyprotein=ORF1a polyprotein] [organism=Severe acute respiratory syndrome coronavirus 2] [isolate=Wuhan-Hu-1]
Length: 139

Score: 13
E-value: 2701.6309238239132

46   TVL   48
     |||     
0    TVL    2


