Frame: -2
Query: YQHRMYHN
Length: 8

score: 16
x: 8 y: 3010
YQHRMYHN
||**|**|
YQCAMRPN


score: 15
x: 3 y: 3
YQH
|||
YQH


score: 15
x: 8 y: 3
YHN
|||
YHN


score: 15
x: 8 y: 3
YHN
|||
YHN


score: 15
x: 8 y: 3
YHN
|||
YHN

