Frame: 1
Query: CATVHTANKWDLIISDMYDPKTKNVTKENDSKEGFFTYICGFIQQKLALG
Length: 50

score: 250
x: 50 y: 4714
CATVHTANKWDLIISDMYDPKTKNVTKENDSKEGFFTYICGFIQQKLALG
||||||||||||||||||||||||||||||||||||||||||||||||||
CATVHTANKWDLIISDMYDPKTKNVTKENDSKEGFFTYICGFIQQKLALG


score: 31
x: 49 y: 324
AN__KWDLIISDMY_DPKTKNVTKENDS_KEGFFTYICGFIQQKLAL
||  |**|*|**** |*|*|*   |**| |*****|*****|**|*|
ANNTKGSLPINVIVFDGKSKC___EESSAKSASVYYSQLMCQPILLL


score: 31
x: 49 y: 324
AN__KWDLIISDMY_DPKTKNVTKENDS_KEGFFTYICGFIQQKLAL
||  |**|*|**** |*|*|*   |**| |*****|*****|**|*|
ANNTKGSLPINVIVFDGKSKC___EESSAKSASVYYSQLMCQPILLL


score: 250
x: 50 y: 50
CATVHTANKWDLIISDMYDPKTKNVTKENDSKEGFFTYICGFIQQKLALG
||||||||||||||||||||||||||||||||||||||||||||||||||
CATVHTANKWDLIISDMYDPKTKNVTKENDSKEGFFTYICGFIQQKLALG


score: 31
x: 49 y: 324
AN__KWDLIISDMY_DPKTKNVTKENDS_KEGFFTYICGFIQQKLAL
||  |**|*|**** |*|*|*   |**| |*****|*****|**|*|
ANNTKGSLPINVIVFDGKSKC___EESSAKSASVYYSQLMCQPILLL


score: 15
x: 50 y: 3
ALG
|||
ALG

