Frame: -1
Query: SKS
Length: 3

score: 15
x: 3 y: 3
SKS
|||
SKS


score: 15
x: 3 y: 3
SKS
|||
SKS

