Frame: 2
Query: EGVVDYGARFYFYTSKTTVASLINTLNDLNETLVTMPLGYVTHGLNLEE
Length: 49

score: 245
x: 49 y: 831
EGVVDYGARFYFYTSKTTVASLINTLNDLNETLVTMPLGYVTHGLNLEE
|||||||||||||||||||||||||||||||||||||||||||||||||
EGVVDYGARFYFYTSKTTVASLINTLNDLNETLVTMPLGYVTHGLNLEE


score: 15
x: 3 y: 3
EGV
|||
EGV


score: 245
x: 49 y: 831
EGVVDYGARFYFYTSKTTVASLINTLNDLNETLVTMPLGYVTHGLNLEE
|||||||||||||||||||||||||||||||||||||||||||||||||
EGVVDYGARFYFYTSKTTVASLINTLNDLNETLVTMPLGYVTHGLNLEE


score: 15
x: 3 y: 9
EGV
|||
EGV

x: 49 y: 3
LEE
|||
LEE


score: 245
x: 49 y: 219
EGVVDYGARFYFYTSKTTVASLINTLNDLNETLVTMPLGYVTHGLNLEE
|||||||||||||||||||||||||||||||||||||||||||||||||
EGVVDYGARFYFYTSKTTVASLINTLNDLNETLVTMPLGYVTHGLNLEE


score: 15
x: 3 y: 9
EGV
|||
EGV

x: 49 y: 3
LEE
|||
LEE


score: 245
x: 49 y: 219
EGVVDYGARFYFYTSKTTVASLINTLNDLNETLVTMPLGYVTHGLNLEE
|||||||||||||||||||||||||||||||||||||||||||||||||
EGVVDYGARFYFYTSKTTVASLINTLNDLNETLVTMPLGYVTHGLNLEE

