Frame: -3
Query: REKCNFKLS
Length: 9

score: 20
x: 9 y: 2817
FKLS
||||
FKLS


score: 15
x: 9 y: 3
KLS
|||
KLS


score: 15
x: 9 y: 3
KLS
|||
KLS


score: 15
x: 9 y: 3
KLS
|||
KLS


score: 15
x: 9 y: 3
KLS
|||
KLS

