Frame: 1
Query: CATVHTANKWDLIISDMYDPKTKNVTKENDSKEGFFTYICGFIQQKLALG
Length: 50
Subject: YP_009724389.1:1-7096 ORF1ab polyprotein [organism=Severe acute respiratory syndrome coronavirus 2] [isolate=Wuhan-Hu-1]
Length: 7096

Score: 272
E-value: 2.310062756803091e-33

0     CATVHTANKWDLIISDMYDPKTKNVTKENDSKEGFFTYICGFIQQKLALG  49  
      ||||||||||||||||||||||||||||||||||||||||||||||||||      
6912  CATVHTANKWDLIISDMYDPKTKNVTKENDSKEGFFTYICGFIQQKLALG  6961


Frame: 1
Query: CATVHTANKWDLIISDMYDPKTKNVTKENDSKEGFFTYICGFIQQKLALG
Length: 50
Subject: YP_009725311.1 2'-O-ribose methyltransferase [polyprotein_range=YP_009724389.1:6799-7096] [polyprotein=ORF1ab polyprotein] [organism=Severe acute respiratory syndrome coronavirus 2] [isolate=Wuhan-Hu-1]
Length: 298

Score: 272
E-value: 2.310062756803091e-33

0    CATVHTANKWDLIISDMYDPKTKNVTKENDSKEGFFTYICGFIQQKLALG  49 
     ||||||||||||||||||||||||||||||||||||||||||||||||||     
114  CATVHTANKWDLIISDMYDPKTKNVTKENDSKEGFFTYICGFIQQKLALG  163


Frame: 2
Query: VQLYIQLINGISLLVICTTLRLKMLQKKMTLKRVFSLTFVGLYNKS
Length: 46
Subject: YP_009724389.1:1-7096 ORF1ab polyprotein [organism=Severe acute respiratory syndrome coronavirus 2] [isolate=Wuhan-Hu-1]
Length: 7096

Score: 34
E-value: 3.013309612868539

0    VQLYIQLINGISLLVICTTLRLKMLQKKMTLKRVFSLTFVGLYNK  44 
     ||****|*|****|************|***|***|*****|||*|     
674  VQTFFKLVNKFLALCADSIIIGGAKLKALNLGETFVTHSKGLYRK  718


Frame: 2
Query: VQLYIQLINGISLLVICTTLRLKMLQKKMTLKRVFSLTFVGLYNKS
Length: 46
Subject: YP_009725295.1:1-4405 ORF1a polyprotein [organism=Severe acute respiratory syndrome coronavirus 2] [isolate=Wuhan-Hu-1]
Length: 4405

Score: 34
E-value: 3.013309612868539

0    VQLYIQLINGISLLVICTTLRLKMLQKKMTLKRVFSLTFVGLYNK  44 
     ||****|*|****|************|***|***|*****|||*|     
674  VQTFFKLVNKFLALCADSIIIGGAKLKALNLGETFVTHSKGLYRK  718


Frame: -3
Query: QELAFVV
Length: 7
Subject: YP_009724389.1:1-7096 ORF1ab polyprotein [organism=Severe acute respiratory syndrome coronavirus 2] [isolate=Wuhan-Hu-1]
Length: 7096

Score: 20
E-value: 40.87709028723637

0     QELAFVV  6   
      **|*|||      
4858  RQLLFVV  4864


Frame: -3
Query: QELAFVV
Length: 7
Subject: YP_009725307.1 RNA-dependent RNA polymerase [polyprotein_range=YP_009724389.1:4393-5324] [polyprotein=ORF1ab polyprotein] [organism=Severe acute respiratory syndrome coronavirus 2] [isolate=Wuhan-Hu-1]
Length: 932

Score: 20
E-value: 40.87709028723637

0    QELAFVV  6  
     **|*|||     
466  RQLLFVV  472


Frame: 1
Query: CATVHTANKWDLIISDMYDPKTKNVTKENDSKEGFFTYICGFIQQKLALG
Length: 50
Subject: YP_009725295.1:1-4405 ORF1a polyprotein [organism=Severe acute respiratory syndrome coronavirus 2] [isolate=Wuhan-Hu-1]
Length: 4405

Score: 26
E-value: 42.61833768781622

8     KWDL  11  
      ||||      
2314  KWDL  2317


Frame: 1
Query: CATVHTANKWDLIISDMYDPKTKNVTKENDSKEGFFTYICGFIQQKLALG
Length: 50
Subject: YP_009725299.1 nsp3 [polyprotein_range=YP_009724389.1:819-2763] [polyprotein=ORF1ab polyprotein] [organism=Severe acute respiratory syndrome coronavirus 2] [isolate=Wuhan-Hu-1]
Length: 1945

Score: 26
E-value: 42.61833768781622

8     KWDL  11  
      ||||      
1496  KWDL  1499


Frame: 1
Query: CATVHTANKWDLIISDMYDPKTKNVTKENDSKEGFFTYICGFIQQKLALG
Length: 50
Subject: YP_009742610.1 nsp3 [polyprotein_range=YP_009725295.1:819-2763] [polyprotein=ORF1a polyprotein] [organism=Severe acute respiratory syndrome coronavirus 2] [isolate=Wuhan-Hu-1]
Length: 1945

Score: 26
E-value: 42.61833768781622

8     KWDL  11  
      ||||      
1496  KWDL  1499


Frame: -1
Query: SKS
Length: 3
Subject: YP_009724394.1:1-61 ORF6 protein [organism=Severe acute respiratory syndrome coronavirus 2] [isolate=Wuhan-Hu-1]
Length: 61

Score: 13
E-value: 165.40597492799466

0   SKS  2 
    |||    
40  SKS  42


Frame: -1
Query: SKS
Length: 3
Subject: YP_009724396.1:1-121 ORF8 protein [organism=Severe acute respiratory syndrome coronavirus 2] [isolate=Wuhan-Hu-1]
Length: 121

Score: 13
E-value: 165.40597492799466

0   SKS  2 
    |||    
66  SKS  68


Frame: -2
Query: PRASFCCINPQM
Length: 12
Subject: YP_009724389.1:1-7096 ORF1ab polyprotein [organism=Severe acute respiratory syndrome coronavirus 2] [isolate=Wuhan-Hu-1]
Length: 7096

Score: 16
E-value: 252.77462139155597

0    PRA  2  
     |||     
424  PRA  426


Frame: -2
Query: PRASFCCINPQM
Length: 12
Subject: YP_009725295.1:1-4405 ORF1a polyprotein [organism=Severe acute respiratory syndrome coronavirus 2] [isolate=Wuhan-Hu-1]
Length: 4405

Score: 16
E-value: 252.77462139155597

0    PRA  2  
     |||     
424  PRA  426


Frame: -2
Query: PRASFCCINPQM
Length: 12
Subject: YP_009725298.1 nsp2 [polyprotein_range=YP_009724389.1:181-818] [polyprotein=ORF1ab polyprotein] [organism=Severe acute respiratory syndrome coronavirus 2] [isolate=Wuhan-Hu-1]
Length: 638

Score: 16
E-value: 252.77462139155597

0    PRA  2  
     |||     
244  PRA  246


Frame: -2
Query: PRASFCCINPQM
Length: 12
Subject: YP_009742609.1 nsp2 [polyprotein_range=YP_009725295.1:181-818] [polyprotein=ORF1a polyprotein] [organism=Severe acute respiratory syndrome coronavirus 2] [isolate=Wuhan-Hu-1]
Length: 638

Score: 16
E-value: 252.77462139155597

0    PRA  2  
     |||     
244  PRA  246


Frame: -3
Query: QELAFVV
Length: 7
Subject: YP_009724390.1:1-1273 surface glycoprotein [organism=Severe acute respiratory syndrome coronavirus 2] [isolate=Wuhan-Hu-1]
Length: 1273

Score: 14
E-value: 280.0498901587284

0     QEL  2   
      |||      
1200  QEL  1202


Frame: -3
Query: QELAFVV
Length: 7
Subject: YP_009724395.1:1-121 ORF7a protein [organism=Severe acute respiratory syndrome coronavirus 2] [isolate=Wuhan-Hu-1]
Length: 121

Score: 14
E-value: 280.0498901587284

0   QEL  2 
    |||    
93  QEL  95


Frame: -3
Query: QELAFVV
Length: 7
Subject: YP_009724397.2:1-419 nucleocapsid phosphoprotein [organism=Severe acute respiratory syndrome coronavirus 2] [isolate=Wuhan-Hu-1]
Length: 419

Score: 14
E-value: 280.0498901587284

0    QEL  2  
     |||     
288  QEL  290


Frame: -3
Query: QELAFVV
Length: 7
Subject: YP_009724392.1:1-75 envelope protein [organism=Severe acute respiratory syndrome coronavirus 2] [isolate=Wuhan-Hu-1]
Length: 75

Score: 14
E-value: 280.0498901587284

4   FVV  6 
    |||    
22  FVV  24


Frame: -3
Query: QELAFVV
Length: 7
Subject: YP_009725295.1:1-4405 ORF1a polyprotein [organism=Severe acute respiratory syndrome coronavirus 2] [isolate=Wuhan-Hu-1]
Length: 4405

Score: 14
E-value: 280.0498901587284

4     FVV  6   
      |||      
2863  FVV  2865


Frame: -3
Query: QELAFVV
Length: 7
Subject: YP_009725300.1 nsp4 [polyprotein_range=YP_009724389.1:2764-3263] [polyprotein=ORF1ab polyprotein] [organism=Severe acute respiratory syndrome coronavirus 2] [isolate=Wuhan-Hu-1]
Length: 500

Score: 14
E-value: 280.0498901587284

4    FVV  6  
     |||     
100  FVV  102


Frame: -3
Query: QELAFVV
Length: 7
Subject: YP_009742611.1 nsp4 [polyprotein_range=YP_009725295.1:2764-3263] [polyprotein=ORF1a polyprotein] [organism=Severe acute respiratory syndrome coronavirus 2] [isolate=Wuhan-Hu-1]
Length: 500

Score: 14
E-value: 280.0498901587284

4    FVV  6  
     |||     
100  FVV  102


Frame: 2
Query: VQLYIQLINGISLLVICTTLRLKMLQKKMTLKRVFSLTFVGLYNKS
Length: 46
Subject: YP_009724390.1:1-1273 surface glycoprotein [organism=Severe acute respiratory syndrome coronavirus 2] [isolate=Wuhan-Hu-1]
Length: 1273

Score: 15
E-value: 1335.3731085805664

43   NKS  45 
     |||     
148  NKS  150


Frame: 1
Query: CATVHTANKWDLIISDMYDPKTKNVTKENDSKEGFFTYICGFIQQKLALG
Length: 50
Subject: YP_009724390.1:1-1273 surface glycoprotein [organism=Severe acute respiratory syndrome coronavirus 2] [isolate=Wuhan-Hu-1]
Length: 1273

Score: 14
E-value: 2000.3563582766315

47   ALG  49 
     |||     
943  ALG  945


Frame: 2
Query: VQLYIQLINGISLLVICTTLRLKMLQKKMTLKRVFSLTFVGLYNKS
Length: 46
Subject: YP_009725297.1 leader protein [polyprotein_range=YP_009724389.1:1-180] [polyprotein=ORF1ab polyprotein] [organism=Severe acute respiratory syndrome coronavirus 2] [isolate=Wuhan-Hu-1]
Length: 180

Score: 13
E-value: 2536.2249488959183

0   VQL  2 
    |||    
13  VQL  15


Frame: 2
Query: VQLYIQLINGISLLVICTTLRLKMLQKKMTLKRVFSLTFVGLYNKS
Length: 46
Subject: YP_009725298.1 nsp2 [polyprotein_range=YP_009724389.1:181-818] [polyprotein=ORF1ab polyprotein] [organism=Severe acute respiratory syndrome coronavirus 2] [isolate=Wuhan-Hu-1]
Length: 638

Score: 13
E-value: 2536.2249488959183

0    VQL  2  
     |||     
425  VQL  427


Frame: 2
Query: VQLYIQLINGISLLVICTTLRLKMLQKKMTLKRVFSLTFVGLYNKS
Length: 46
Subject: YP_009725301.1 3C-like proteinase [polyprotein_range=YP_009724389.1:3264-3569] [polyprotein=ORF1ab polyprotein] [organism=Severe acute respiratory syndrome coronavirus 2] [isolate=Wuhan-Hu-1]
Length: 306

Score: 13
E-value: 2536.2249488959183

0   VQL  2 
    |||    
72  VQL  74


Frame: 2
Query: VQLYIQLINGISLLVICTTLRLKMLQKKMTLKRVFSLTFVGLYNKS
Length: 46
Subject: YP_009725303.1 nsp7 [polyprotein_range=YP_009724389.1:3860-3942] [polyprotein=ORF1ab polyprotein] [organism=Severe acute respiratory syndrome coronavirus 2] [isolate=Wuhan-Hu-1]
Length: 83

Score: 13
E-value: 2536.2249488959183

0   VQL  2 
    |||    
32  VQL  34


Frame: 2
Query: VQLYIQLINGISLLVICTTLRLKMLQKKMTLKRVFSLTFVGLYNKS
Length: 46
Subject: YP_009725304.1 nsp8 [polyprotein_range=YP_009724389.1:3943-4140] [polyprotein=ORF1ab polyprotein] [organism=Severe acute respiratory syndrome coronavirus 2] [isolate=Wuhan-Hu-1]
Length: 198

Score: 13
E-value: 2536.2249488959183

0    VQL  2  
     |||     
166  VQL  168


Frame: 2
Query: VQLYIQLINGISLLVICTTLRLKMLQKKMTLKRVFSLTFVGLYNKS
Length: 46
Subject: YP_009742608.1 leader protein [polyprotein_range=YP_009725295.1:1-180] [polyprotein=ORF1a polyprotein] [organism=Severe acute respiratory syndrome coronavirus 2] [isolate=Wuhan-Hu-1]
Length: 180

Score: 13
E-value: 2536.2249488959183

0   VQL  2 
    |||    
13  VQL  15


Frame: 2
Query: VQLYIQLINGISLLVICTTLRLKMLQKKMTLKRVFSLTFVGLYNKS
Length: 46
Subject: YP_009742609.1 nsp2 [polyprotein_range=YP_009725295.1:181-818] [polyprotein=ORF1a polyprotein] [organism=Severe acute respiratory syndrome coronavirus 2] [isolate=Wuhan-Hu-1]
Length: 638

Score: 13
E-value: 2536.2249488959183

0    VQL  2  
     |||     
425  VQL  427


Frame: 2
Query: VQLYIQLINGISLLVICTTLRLKMLQKKMTLKRVFSLTFVGLYNKS
Length: 46
Subject: YP_009742612.1 3C-like proteinase [polyprotein_range=YP_009725295.1:3264-3569] [polyprotein=ORF1a polyprotein] [organism=Severe acute respiratory syndrome coronavirus 2] [isolate=Wuhan-Hu-1]
Length: 306

Score: 13
E-value: 2536.2249488959183

0   VQL  2 
    |||    
72  VQL  74


Frame: 2
Query: VQLYIQLINGISLLVICTTLRLKMLQKKMTLKRVFSLTFVGLYNKS
Length: 46
Subject: YP_009742614.1 nsp7 [polyprotein_range=YP_009725295.1:3860-3942] [polyprotein=ORF1a polyprotein] [organism=Severe acute respiratory syndrome coronavirus 2] [isolate=Wuhan-Hu-1]
Length: 83

Score: 13
E-value: 2536.2249488959183

0   VQL  2 
    |||    
32  VQL  34


Frame: 2
Query: VQLYIQLINGISLLVICTTLRLKMLQKKMTLKRVFSLTFVGLYNKS
Length: 46
Subject: YP_009742615.1 nsp8 [polyprotein_range=YP_009725295.1:3943-4140] [polyprotein=ORF1a polyprotein] [organism=Severe acute respiratory syndrome coronavirus 2] [isolate=Wuhan-Hu-1]
Length: 198

Score: 13
E-value: 2536.2249488959183

0    VQL  2  
     |||     
166  VQL  168


