Frame: -1
Query: LNIDIRRFQGVLFNKRTARFNGVAHQRGEQLVSGNRILNGNAQHTTAFRVHGGFPQLFRVHLAQTFITLDGEAATGLFHQPVQRLLEAGYRLTTLATFDKRIFFQQATQFLTQRADTTIFATGDKLVIQRIVSIHTVGTHANNRLEQVLFGIGVDIKLPLAAVLFFVVQFADQRVHPAGNGLLIREVGFRQRRLIDKLFQHCFRITTLHAVDHFLRRVVLRHQFL
Length: 225
Subject: YP_009724389.1:1-7096 ORF1ab polyprotein [organism=Severe acute respiratory syndrome coronavirus 2] [isolate=Wuhan-Hu-1]
Length: 7096

Score: 35
E-value: 10.694878901738406

108   QFLTQRADTTIFATGDKLVIQRIVSIHTVGTHANN  142 
      **|***||****|****|**********|****||      
4761  ELLVYAADPAMHAASGNLLLDKRTTCFSVAALTNN  4795


Frame: 3
Query: VEFL
Length: 4
Subject: YP_009724389.1:1-7096 ORF1ab polyprotein [organism=Severe acute respiratory syndrome coronavirus 2] [isolate=Wuhan-Hu-1]
Length: 7096

Score: 19
E-value: 32.19100219296771

0    VEFL  3  
     ||||     
638  VEFL  641


Frame: 3
Query: VEFL
Length: 4
Subject: YP_009725295.1:1-4405 ORF1a polyprotein [organism=Severe acute respiratory syndrome coronavirus 2] [isolate=Wuhan-Hu-1]
Length: 4405

Score: 19
E-value: 32.19100219296771

0    VEFL  3  
     ||||     
638  VEFL  641


Frame: 3
Query: VEFL
Length: 4
Subject: YP_009725298.1 nsp2 [polyprotein_range=YP_009724389.1:181-818] [polyprotein=ORF1ab polyprotein] [organism=Severe acute respiratory syndrome coronavirus 2] [isolate=Wuhan-Hu-1]
Length: 638

Score: 19
E-value: 32.19100219296771

0    VEFL  3  
     ||||     
458  VEFL  461


Frame: 3
Query: VEFL
Length: 4
Subject: YP_009742609.1 nsp2 [polyprotein_range=YP_009725295.1:181-818] [polyprotein=ORF1a polyprotein] [organism=Severe acute respiratory syndrome coronavirus 2] [isolate=Wuhan-Hu-1]
Length: 638

Score: 19
E-value: 32.19100219296771

0    VEFL  3  
     ||||     
458  VEFL  461


Frame: 1
Query: MSNSYDSSSIKVLKGLDAVRKRPGMYIGDTDDGTGLHHMVFEVVDNAIDEALAGHCKEIIVTIHADNSVSVQDDGRGIPTGIHPEEGVSAAEVIMTVLHAGGKFDDNSYKVSGGLHGVGVSVVNALSQKLELVIQREGKIHRQIYEHGVPQAPLAVTGETEKTGTMVRFWPSLETFTNVTEFEYEILAKRLRELSFLNSGVSIRLRDKRDGKEDHFHYEGGIKAFVEYLNKNKTPIHPNIFYFSTEKDGIGVEVALQWNDGFQENIYCFTNNIPQRDGGTHLAGFRAAMTRTLNAYMDKEGYSKKAKVSATGDDAREGLIAVVSVKVPDPKFSSQTKDKLVSSEVKSAVEQQMNELLAEYLLENPTDAKIVVGKIIDAARAREAARRAREMTRRKGALDLAGLPGKLADCQERDPALSELYLVEGDSAGGSAKQGRNRKNQAILPLKGKILNVEKARFDKMLSSQEVATLITALGCGIGRDEYNPDKLRYHSIIIMTDADVDGSHIRTLLLTFFYRQMPEIVERGHVYIAQPPLYKVKKGKQEQYIKDDEAMDQYQISIALDGATLHTNASAPALAGEALEKLVSEYNATQKMINRMERRYPKAMLKELIYQPTLTEADLSDEQTVTRWVNALVSELNDKEQHGSQWKFDVHTNAEQNLFEPIVRVRTHGVDTDYPLDHEFITGGEYRRICTLGEKLRGLLEEDAFIERGERRQPVASFEQALDWLVKESRRGLSIQRYKGLGEMNPEQLWETTMDPESRRMLRVTVKDAIAADQLFTTLMGDAVEPRRAFIEENALKAANIDI
Length: 804
Subject: YP_009724389.1:1-7096 ORF1ab polyprotein [organism=Severe acute respiratory syndrome coronavirus 2] [isolate=Wuhan-Hu-1]
Length: 7096

Score: 35
E-value: 38.21636727554524

577   EALEKLVSEYNATQKMINRMERRYPKAMLKELIYQPTLTEADLSDEQTVTRWVNAL  632 
      |***||******|********|*|******|****************||****|*|      
1382  EETRKLMPVCVETKAIVSTIQRKYKGIKIQEGVVDYGARFYFYTSKTTVASLINTL  1437


Frame: 1
Query: MSNSYDSSSIKVLKGLDAVRKRPGMYIGDTDDGTGLHHMVFEVVDNAIDEALAGHCKEIIVTIHADNSVSVQDDGRGIPTGIHPEEGVSAAEVIMTVLHAGGKFDDNSYKVSGGLHGVGVSVVNALSQKLELVIQREGKIHRQIYEHGVPQAPLAVTGETEKTGTMVRFWPSLETFTNVTEFEYEILAKRLRELSFLNSGVSIRLRDKRDGKEDHFHYEGGIKAFVEYLNKNKTPIHPNIFYFSTEKDGIGVEVALQWNDGFQENIYCFTNNIPQRDGGTHLAGFRAAMTRTLNAYMDKEGYSKKAKVSATGDDAREGLIAVVSVKVPDPKFSSQTKDKLVSSEVKSAVEQQMNELLAEYLLENPTDAKIVVGKIIDAARAREAARRAREMTRRKGALDLAGLPGKLADCQERDPALSELYLVEGDSAGGSAKQGRNRKNQAILPLKGKILNVEKARFDKMLSSQEVATLITALGCGIGRDEYNPDKLRYHSIIIMTDADVDGSHIRTLLLTFFYRQMPEIVERGHVYIAQPPLYKVKKGKQEQYIKDDEAMDQYQISIALDGATLHTNASAPALAGEALEKLVSEYNATQKMINRMERRYPKAMLKELIYQPTLTEADLSDEQTVTRWVNALVSELNDKEQHGSQWKFDVHTNAEQNLFEPIVRVRTHGVDTDYPLDHEFITGGEYRRICTLGEKLRGLLEEDAFIERGERRQPVASFEQALDWLVKESRRGLSIQRYKGLGEMNPEQLWETTMDPESRRMLRVTVKDAIAADQLFTTLMGDAVEPRRAFIEENALKAANIDI
Length: 804
Subject: YP_009725295.1:1-4405 ORF1a polyprotein [organism=Severe acute respiratory syndrome coronavirus 2] [isolate=Wuhan-Hu-1]
Length: 4405

Score: 35
E-value: 38.21636727554524

577   EALEKLVSEYNATQKMINRMERRYPKAMLKELIYQPTLTEADLSDEQTVTRWVNAL  632 
      |***||******|********|*|******|****************||****|*|      
1382  EETRKLMPVCVETKAIVSTIQRKYKGIKIQEGVVDYGARFYFYTSKTTVASLINTL  1437


Frame: 1
Query: MSNSYDSSSIKVLKGLDAVRKRPGMYIGDTDDGTGLHHMVFEVVDNAIDEALAGHCKEIIVTIHADNSVSVQDDGRGIPTGIHPEEGVSAAEVIMTVLHAGGKFDDNSYKVSGGLHGVGVSVVNALSQKLELVIQREGKIHRQIYEHGVPQAPLAVTGETEKTGTMVRFWPSLETFTNVTEFEYEILAKRLRELSFLNSGVSIRLRDKRDGKEDHFHYEGGIKAFVEYLNKNKTPIHPNIFYFSTEKDGIGVEVALQWNDGFQENIYCFTNNIPQRDGGTHLAGFRAAMTRTLNAYMDKEGYSKKAKVSATGDDAREGLIAVVSVKVPDPKFSSQTKDKLVSSEVKSAVEQQMNELLAEYLLENPTDAKIVVGKIIDAARAREAARRAREMTRRKGALDLAGLPGKLADCQERDPALSELYLVEGDSAGGSAKQGRNRKNQAILPLKGKILNVEKARFDKMLSSQEVATLITALGCGIGRDEYNPDKLRYHSIIIMTDADVDGSHIRTLLLTFFYRQMPEIVERGHVYIAQPPLYKVKKGKQEQYIKDDEAMDQYQISIALDGATLHTNASAPALAGEALEKLVSEYNATQKMINRMERRYPKAMLKELIYQPTLTEADLSDEQTVTRWVNALVSELNDKEQHGSQWKFDVHTNAEQNLFEPIVRVRTHGVDTDYPLDHEFITGGEYRRICTLGEKLRGLLEEDAFIERGERRQPVASFEQALDWLVKESRRGLSIQRYKGLGEMNPEQLWETTMDPESRRMLRVTVKDAIAADQLFTTLMGDAVEPRRAFIEENALKAANIDI
Length: 804
Subject: YP_009725299.1 nsp3 [polyprotein_range=YP_009724389.1:819-2763] [polyprotein=ORF1ab polyprotein] [organism=Severe acute respiratory syndrome coronavirus 2] [isolate=Wuhan-Hu-1]
Length: 1945

Score: 35
E-value: 38.21636727554524

577  EALEKLVSEYNATQKMINRMERRYPKAMLKELIYQPTLTEADLSDEQTVTRWVNAL  632
     |***||******|********|*|******|****************||****|*|     
564  EETRKLMPVCVETKAIVSTIQRKYKGIKIQEGVVDYGARFYFYTSKTTVASLINTL  619


Frame: 1
Query: MSNSYDSSSIKVLKGLDAVRKRPGMYIGDTDDGTGLHHMVFEVVDNAIDEALAGHCKEIIVTIHADNSVSVQDDGRGIPTGIHPEEGVSAAEVIMTVLHAGGKFDDNSYKVSGGLHGVGVSVVNALSQKLELVIQREGKIHRQIYEHGVPQAPLAVTGETEKTGTMVRFWPSLETFTNVTEFEYEILAKRLRELSFLNSGVSIRLRDKRDGKEDHFHYEGGIKAFVEYLNKNKTPIHPNIFYFSTEKDGIGVEVALQWNDGFQENIYCFTNNIPQRDGGTHLAGFRAAMTRTLNAYMDKEGYSKKAKVSATGDDAREGLIAVVSVKVPDPKFSSQTKDKLVSSEVKSAVEQQMNELLAEYLLENPTDAKIVVGKIIDAARAREAARRAREMTRRKGALDLAGLPGKLADCQERDPALSELYLVEGDSAGGSAKQGRNRKNQAILPLKGKILNVEKARFDKMLSSQEVATLITALGCGIGRDEYNPDKLRYHSIIIMTDADVDGSHIRTLLLTFFYRQMPEIVERGHVYIAQPPLYKVKKGKQEQYIKDDEAMDQYQISIALDGATLHTNASAPALAGEALEKLVSEYNATQKMINRMERRYPKAMLKELIYQPTLTEADLSDEQTVTRWVNALVSELNDKEQHGSQWKFDVHTNAEQNLFEPIVRVRTHGVDTDYPLDHEFITGGEYRRICTLGEKLRGLLEEDAFIERGERRQPVASFEQALDWLVKESRRGLSIQRYKGLGEMNPEQLWETTMDPESRRMLRVTVKDAIAADQLFTTLMGDAVEPRRAFIEENALKAANIDI
Length: 804
Subject: YP_009742610.1 nsp3 [polyprotein_range=YP_009725295.1:819-2763] [polyprotein=ORF1a polyprotein] [organism=Severe acute respiratory syndrome coronavirus 2] [isolate=Wuhan-Hu-1]
Length: 1945

Score: 35
E-value: 38.21636727554524

577  EALEKLVSEYNATQKMINRMERRYPKAMLKELIYQPTLTEADLSDEQTVTRWVNAL  632
     |***||******|********|*|******|****************||****|*|     
564  EETRKLMPVCVETKAIVSTIQRKYKGIKIQEGVVDYGARFYFYTSKTTVASLINTL  619


Frame: 3
Query: VEFL
Length: 4
Subject: YP_009725299.1 nsp3 [polyprotein_range=YP_009724389.1:819-2763] [polyprotein=ORF1ab polyprotein] [organism=Severe acute respiratory syndrome coronavirus 2] [isolate=Wuhan-Hu-1]
Length: 1945

Score: 15
E-value: 116.11940074613621

1    EFL  3  
     |||     
707  EFL  709


Frame: 3
Query: VEFL
Length: 4
Subject: YP_009725308.1 helicase [polyprotein_range=YP_009724389.1:5325-5925] [polyprotein=ORF1ab polyprotein] [organism=Severe acute respiratory syndrome coronavirus 2] [isolate=Wuhan-Hu-1]
Length: 601

Score: 15
E-value: 116.11940074613621

1    EFL  3  
     |||     
497  EFL  499


Frame: 3
Query: VEFL
Length: 4
Subject: YP_009742610.1 nsp3 [polyprotein_range=YP_009725295.1:819-2763] [polyprotein=ORF1a polyprotein] [organism=Severe acute respiratory syndrome coronavirus 2] [isolate=Wuhan-Hu-1]
Length: 1945

Score: 15
E-value: 116.11940074613621

1    EFL  3  
     |||     
707  EFL  709


Frame: -1
Query: LNIDIRRFQGVLFNKRTARFNGVAHQRGEQLVSGNRILNGNAQHTTAFRVHGGFPQLFRVHLAQTFITLDGEAATGLFHQPVQRLLEAGYRLTTLATFDKRIFFQQATQFLTQRADTTIFATGDKLVIQRIVSIHTVGTHANNRLEQVLFGIGVDIKLPLAAVLFFVVQFADQRVHPAGNGLLIREVGFRQRRLIDKLFQHCFRITTLHAVDHFLRRVVLRHQFL
Length: 225
Subject: YP_009725295.1:1-4405 ORF1a polyprotein [organism=Severe acute respiratory syndrome coronavirus 2] [isolate=Wuhan-Hu-1]
Length: 4405

Score: 24
E-value: 364.2454740431458

97    FDKRIFFQQATQFLTQRADTTIF  119 
      ||*****|*********|*|***      
3990  FDRDAAMQRKLEKMADQAMTQMY  4012


Frame: 2
Query: CRILMTPPVSKS
Length: 12
Subject: YP_009724394.1:1-61 ORF6 protein [organism=Severe acute respiratory syndrome coronavirus 2] [isolate=Wuhan-Hu-1]
Length: 61

Score: 13
E-value: 661.6238997119787

9   SKS  11
    |||    
40  SKS  42


Frame: 2
Query: CRILMTPPVSKS
Length: 12
Subject: YP_009724396.1:1-121 ORF8 protein [organism=Severe acute respiratory syndrome coronavirus 2] [isolate=Wuhan-Hu-1]
Length: 121

Score: 13
E-value: 661.6238997119787

9   SKS  11
    |||    
66  SKS  68


Frame: -3
Query: KYRYSPLSGRSLQ
Length: 13
Subject: YP_009724389.1:1-7096 ORF1ab polyprotein [organism=Severe acute respiratory syndrome coronavirus 2] [isolate=Wuhan-Hu-1]
Length: 7096

Score: 13
E-value: 716.7592246879768

10    SLQ  12  
      |||      
2473  SLQ  2475


Frame: -3
Query: KYRYSPLSGRSLQ
Length: 13
Subject: YP_009724390.1:1-1273 surface glycoprotein [organism=Severe acute respiratory syndrome coronavirus 2] [isolate=Wuhan-Hu-1]
Length: 1273

Score: 13
E-value: 716.7592246879768

10    SLQ  12  
      |||      
1002  SLQ  1004


Frame: -3
Query: KYRYSPLSGRSLQ
Length: 13
Subject: YP_009724396.1:1-121 ORF8 protein [organism=Severe acute respiratory syndrome coronavirus 2] [isolate=Wuhan-Hu-1]
Length: 121

Score: 13
E-value: 716.7592246879768

10  SLQ  12
    |||    
20  SLQ  22


Frame: -3
Query: KYRYSPLSGRSLQ
Length: 13
Subject: YP_009725295.1:1-4405 ORF1a polyprotein [organism=Severe acute respiratory syndrome coronavirus 2] [isolate=Wuhan-Hu-1]
Length: 4405

Score: 13
E-value: 716.7592246879768

10    SLQ  12  
      |||      
2473  SLQ  2475


Frame: -3
Query: KYRYSPLSGRSLQ
Length: 13
Subject: YP_009725299.1 nsp3 [polyprotein_range=YP_009724389.1:819-2763] [polyprotein=ORF1ab polyprotein] [organism=Severe acute respiratory syndrome coronavirus 2] [isolate=Wuhan-Hu-1]
Length: 1945

Score: 13
E-value: 716.7592246879768

10    SLQ  12  
      |||      
1655  SLQ  1657


Frame: -3
Query: KYRYSPLSGRSLQ
Length: 13
Subject: YP_009742610.1 nsp3 [polyprotein_range=YP_009725295.1:819-2763] [polyprotein=ORF1a polyprotein] [organism=Severe acute respiratory syndrome coronavirus 2] [isolate=Wuhan-Hu-1]
Length: 1945

Score: 13
E-value: 716.7592246879768

10    SLQ  12  
      |||      
1655  SLQ  1657


Frame: -1
Query: LNIDIRRFQGVLFNKRTARFNGVAHQRGEQLVSGNRILNGNAQHTTAFRVHGGFPQLFRVHLAQTFITLDGEAATGLFHQPVQRLLEAGYRLTTLATFDKRIFFQQATQFLTQRADTTIFATGDKLVIQRIVSIHTVGTHANNRLEQVLFGIGVDIKLPLAAVLFFVVQFADQRVHPAGNGLLIREVGFRQRRLIDKLFQHCFRITTLHAVDHFLRRVVLRHQFL
Length: 225
Subject: YP_009725302.1 nsp6 [polyprotein_range=YP_009724389.1:3570-3859] [polyprotein=ORF1ab polyprotein] [organism=Severe acute respiratory syndrome coronavirus 2] [isolate=Wuhan-Hu-1]
Length: 290

Score: 14
E-value: 9001.60361224484

0    LNI  2  
     |||     
270  LNI  272


Frame: -1
Query: LNIDIRRFQGVLFNKRTARFNGVAHQRGEQLVSGNRILNGNAQHTTAFRVHGGFPQLFRVHLAQTFITLDGEAATGLFHQPVQRLLEAGYRLTTLATFDKRIFFQQATQFLTQRADTTIFATGDKLVIQRIVSIHTVGTHANNRLEQVLFGIGVDIKLPLAAVLFFVVQFADQRVHPAGNGLLIREVGFRQRRLIDKLFQHCFRITTLHAVDHFLRRVVLRHQFL
Length: 225
Subject: YP_009725304.1 nsp8 [polyprotein_range=YP_009724389.1:3943-4140] [polyprotein=ORF1ab polyprotein] [organism=Severe acute respiratory syndrome coronavirus 2] [isolate=Wuhan-Hu-1]
Length: 198

Score: 14
E-value: 9001.60361224484

0    LNI  2  
     |||     
116  LNI  118


Frame: -1
Query: LNIDIRRFQGVLFNKRTARFNGVAHQRGEQLVSGNRILNGNAQHTTAFRVHGGFPQLFRVHLAQTFITLDGEAATGLFHQPVQRLLEAGYRLTTLATFDKRIFFQQATQFLTQRADTTIFATGDKLVIQRIVSIHTVGTHANNRLEQVLFGIGVDIKLPLAAVLFFVVQFADQRVHPAGNGLLIREVGFRQRRLIDKLFQHCFRITTLHAVDHFLRRVVLRHQFL
Length: 225
Subject: YP_009725308.1 helicase [polyprotein_range=YP_009724389.1:5325-5925] [polyprotein=ORF1ab polyprotein] [organism=Severe acute respiratory syndrome coronavirus 2] [isolate=Wuhan-Hu-1]
Length: 601

Score: 14
E-value: 9001.60361224484

0    LNI  2  
     |||     
255  LNI  257


Frame: -1
Query: LNIDIRRFQGVLFNKRTARFNGVAHQRGEQLVSGNRILNGNAQHTTAFRVHGGFPQLFRVHLAQTFITLDGEAATGLFHQPVQRLLEAGYRLTTLATFDKRIFFQQATQFLTQRADTTIFATGDKLVIQRIVSIHTVGTHANNRLEQVLFGIGVDIKLPLAAVLFFVVQFADQRVHPAGNGLLIREVGFRQRRLIDKLFQHCFRITTLHAVDHFLRRVVLRHQFL
Length: 225
Subject: YP_009742613.1 nsp6 [polyprotein_range=YP_009725295.1:3570-3859] [polyprotein=ORF1a polyprotein] [organism=Severe acute respiratory syndrome coronavirus 2] [isolate=Wuhan-Hu-1]
Length: 290

Score: 14
E-value: 9001.60361224484

0    LNI  2  
     |||     
270  LNI  272


Frame: -1
Query: LNIDIRRFQGVLFNKRTARFNGVAHQRGEQLVSGNRILNGNAQHTTAFRVHGGFPQLFRVHLAQTFITLDGEAATGLFHQPVQRLLEAGYRLTTLATFDKRIFFQQATQFLTQRADTTIFATGDKLVIQRIVSIHTVGTHANNRLEQVLFGIGVDIKLPLAAVLFFVVQFADQRVHPAGNGLLIREVGFRQRRLIDKLFQHCFRITTLHAVDHFLRRVVLRHQFL
Length: 225
Subject: YP_009742615.1 nsp8 [polyprotein_range=YP_009725295.1:3943-4140] [polyprotein=ORF1a polyprotein] [organism=Severe acute respiratory syndrome coronavirus 2] [isolate=Wuhan-Hu-1]
Length: 198

Score: 14
E-value: 9001.60361224484

0    LNI  2  
     |||     
116  LNI  118


Frame: 1
Query: MSNSYDSSSIKVLKGLDAVRKRPGMYIGDTDDGTGLHHMVFEVVDNAIDEALAGHCKEIIVTIHADNSVSVQDDGRGIPTGIHPEEGVSAAEVIMTVLHAGGKFDDNSYKVSGGLHGVGVSVVNALSQKLELVIQREGKIHRQIYEHGVPQAPLAVTGETEKTGTMVRFWPSLETFTNVTEFEYEILAKRLRELSFLNSGVSIRLRDKRDGKEDHFHYEGGIKAFVEYLNKNKTPIHPNIFYFSTEKDGIGVEVALQWNDGFQENIYCFTNNIPQRDGGTHLAGFRAAMTRTLNAYMDKEGYSKKAKVSATGDDAREGLIAVVSVKVPDPKFSSQTKDKLVSSEVKSAVEQQMNELLAEYLLENPTDAKIVVGKIIDAARAREAARRAREMTRRKGALDLAGLPGKLADCQERDPALSELYLVEGDSAGGSAKQGRNRKNQAILPLKGKILNVEKARFDKMLSSQEVATLITALGCGIGRDEYNPDKLRYHSIIIMTDADVDGSHIRTLLLTFFYRQMPEIVERGHVYIAQPPLYKVKKGKQEQYIKDDEAMDQYQISIALDGATLHTNASAPALAGEALEKLVSEYNATQKMINRMERRYPKAMLKELIYQPTLTEADLSDEQTVTRWVNALVSELNDKEQHGSQWKFDVHTNAEQNLFEPIVRVRTHGVDTDYPLDHEFITGGEYRRICTLGEKLRGLLEEDAFIERGERRQPVASFEQALDWLVKESRRGLSIQRYKGLGEMNPEQLWETTMDPESRRMLRVTVKDAIAADQLFTTLMGDAVEPRRAFIEENALKAANIDI
Length: 804
Subject: YP_009724396.1:1-121 ORF8 protein [organism=Severe acute respiratory syndrome coronavirus 2] [isolate=Wuhan-Hu-1]
Length: 121

Score: 14
E-value: 32165.730241088233

801  IDI  803
    |||    
73  IDI  75


