Frame: 1
Query: MSLSKCSNVDLKSVAMNANTVRLEPSLGEYPTLRRDLVECSCSVLTLSMVKRMGKMTNTVWLFGNPKNPLHQLEPGLEQLLDMYYKDMRCYSQRELSALRWPSGKPSVWFLQAAHMFFSIKNSWAMETGRENWRGLFHRITKSQKYLFEGDMILDSLEAIEKRRLRLGLPEILITGLSPILDVALLQIESLARLRGMSLNHHLFTSSSLRKPLLDCWDFFIPIRKKKTDGSYSVLDEDDEPGVLQGYPYLMAHYLNRCPFHNLIRFDEELRTAALDTIWGRDWPAIGDLPKEV
Length: 293
Subject: YP_009724389.1@1-7096 ORF1ab polyprotein [organism=Severe acute respiratory syndrome coronavirus 2] [isolate=Wuhan-Hu-1]
Length: 7096

Score: 41
E-value: 2.03285096979261

84    YKDMRCYSQRELSALRWPSGKPSVWFLQAAHMFFSIKNSW  123 
      ||**|*******|*|****|*||*****|****|*||*|*      
3363  YKFVRIQPGQTFSVLACYNGSPSGVYQCAMRPNFTIKGSF  3402


Frame: -2
Query: VIMSEWSRIAVEFGEQQLNLTELEDFARELAYEGLDPALIIKKLKETGGDDWVKDTKFIIVFALTRGNKIVKASGKMSNSGSKRLMALQEKYGLVERAETRLSITPVRVAQSLPTWTCAAAAALKEYLPVGPAVMNLKVENYPPEMMCMAFGSLIPTAGVSEATTKTLMEAYSLWQDAFTKTINVKMRGASKTEVYNSFRDPLHAAVNSVFFPNDVRVKWLKAKGILGPDGVPSRAAEVAAAAYRNL
Length: 247
Subject: YP_009724389.1@1-7096 ORF1ab polyprotein [organism=Severe acute respiratory syndrome coronavirus 2] [isolate=Wuhan-Hu-1]
Length: 7096

Score: 31
E-value: 42.35070017453276

133   VMNLKVENYPPEMMCMAFGSLIPTAGVSE  161 
      ||*|******|*********|*||***|*      
5555  VMPLSAPTLVPQEHYVRITGLYPTLNISD  5583


Frame: 3
Query: VAEQMLQR
Length: 8
Subject: YP_009724389.1@1-7096 ORF1ab polyprotein [organism=Severe acute respiratory syndrome coronavirus 2] [isolate=Wuhan-Hu-1]
Length: 7096

Score: 16
E-value: 168.5164142610373

0     VAEQMLQ  6   
      |*|****      
2046  VSEEVVE  2052

0     VAEQMLQR  7   
      |*|*****      
2046  VSEEVVEN  2053


Frame: 3
Query: VAEQMLQR
Length: 8
Subject: YP_009725295.1@1-4405 ORF1a polyprotein [organism=Severe acute respiratory syndrome coronavirus 2] [isolate=Wuhan-Hu-1]
Length: 4405

Score: 16
E-value: 168.5164142610373

0     VAEQMLQ  6   
      |*|****      
2046  VSEEVVE  2052

0     VAEQMLQR  7   
      |*|*****      
2046  VSEEVVEN  2053


Frame: 3
Query: VAEQMLQR
Length: 8
Subject: YP_009725297.1 leader protein [polyprotein_range=YP_009724389.1@1-180] [polyprotein=ORF1ab polyprotein] [organism=Severe acute respiratory syndrome coronavirus 2] [isolate=Wuhan-Hu-1]
Length: 180

Score: 13
E-value: 441.0825998079858

0   VAE  2 
    |||    
88  VAE  90


Frame: 3
Query: VAEQMLQR
Length: 8
Subject: YP_009725299.1 nsp3 [polyprotein_range=YP_009724389.1@819-2763] [polyprotein=ORF1ab polyprotein] [organism=Severe acute respiratory syndrome coronavirus 2] [isolate=Wuhan-Hu-1]
Length: 1945

Score: 13
E-value: 441.0825998079858

0     VAE  2   
      |||      
1505  VAE  1507


Frame: 3
Query: VAEQMLQR
Length: 8
Subject: YP_009742608.1 leader protein [polyprotein_range=YP_009725295.1@1-180] [polyprotein=ORF1a polyprotein] [organism=Severe acute respiratory syndrome coronavirus 2] [isolate=Wuhan-Hu-1]
Length: 180

Score: 13
E-value: 441.0825998079858

0   VAE  2 
    |||    
88  VAE  90


Frame: 3
Query: VAEQMLQR
Length: 8
Subject: YP_009742610.1 nsp3 [polyprotein_range=YP_009725295.1@819-2763] [polyprotein=ORF1a polyprotein] [organism=Severe acute respiratory syndrome coronavirus 2] [isolate=Wuhan-Hu-1]
Length: 1945

Score: 13
E-value: 441.0825998079858

0     VAE  2   
      |||      
1505  VAE  1507


Frame: -2
Query: VIMSEWSRIAVEFGEQQLNLTELEDFARELAYEGLDPALIIKKLKETGGDDWVKDTKFIIVFALTRGNKIVKASGKMSNSGSKRLMALQEKYGLVERAETRLSITPVRVAQSLPTWTCAAAAALKEYLPVGPAVMNLKVENYPPEMMCMAFGSLIPTAGVSEATTKTLMEAYSLWQDAFTKTINVKMRGASKTEVYNSFRDPLHAAVNSVFFPNDVRVKWLKAKGILGPDGVPSRAAEVAAAAYRNL
Length: 247
Subject: YP_009725307.1 RNA-dependent RNA polymerase [polyprotein_range=YP_009724389.1@4393-5324] [polyprotein=ORF1ab polyprotein] [organism=Severe acute respiratory syndrome coronavirus 2] [isolate=Wuhan-Hu-1]
Length: 932

Score: 15
E-value: 7170.37299607391

244  RNL  246
     |||     
720  RNL  722


Frame: -2
Query: VIMSEWSRIAVEFGEQQLNLTELEDFARELAYEGLDPALIIKKLKETGGDDWVKDTKFIIVFALTRGNKIVKASGKMSNSGSKRLMALQEKYGLVERAETRLSITPVRVAQSLPTWTCAAAAALKEYLPVGPAVMNLKVENYPPEMMCMAFGSLIPTAGVSEATTKTLMEAYSLWQDAFTKTINVKMRGASKTEVYNSFRDPLHAAVNSVFFPNDVRVKWLKAKGILGPDGVPSRAAEVAAAAYRNL
Length: 247
Subject: YP_009725310.1 endoRNAse [polyprotein_range=YP_009724389.1@6453-6798] [polyprotein=ORF1ab polyprotein] [organism=Severe acute respiratory syndrome coronavirus 2] [isolate=Wuhan-Hu-1]
Length: 346

Score: 15
E-value: 7170.37299607391

244  RNL  246
     |||     
197  RNL  199


Frame: 1
Query: MSLSKCSNVDLKSVAMNANTVRLEPSLGEYPTLRRDLVECSCSVLTLSMVKRMGKMTNTVWLFGNPKNPLHQLEPGLEQLLDMYYKDMRCYSQRELSALRWPSGKPSVWFLQAAHMFFSIKNSWAMETGRENWRGLFHRITKSQKYLFEGDMILDSLEAIEKRRLRLGLPEILITGLSPILDVALLQIESLARLRGMSLNHHLFTSSSLRKPLLDCWDFFIPIRKKKTDGSYSVLDEDDEPGVLQGYPYLMAHYLNRCPFHNLIRFDEELRTAALDTIWGRDWPAIGDLPKEV
Length: 293
Subject: YP_009724390.1@1-1273 surface glycoprotein [organism=Severe acute respiratory syndrome coronavirus 2] [isolate=Wuhan-Hu-1]
Length: 1273

Score: 13
E-value: 16154.650217967479

0    MSL  2  
     |||     
696  MSL  698

196  MSL  198
     |||     
696  MSL  698


Frame: 1
Query: MSLSKCSNVDLKSVAMNANTVRLEPSLGEYPTLRRDLVECSCSVLTLSMVKRMGKMTNTVWLFGNPKNPLHQLEPGLEQLLDMYYKDMRCYSQRELSALRWPSGKPSVWFLQAAHMFFSIKNSWAMETGRENWRGLFHRITKSQKYLFEGDMILDSLEAIEKRRLRLGLPEILITGLSPILDVALLQIESLARLRGMSLNHHLFTSSSLRKPLLDCWDFFIPIRKKKTDGSYSVLDEDDEPGVLQGYPYLMAHYLNRCPFHNLIRFDEELRTAALDTIWGRDWPAIGDLPKEV
Length: 293
Subject: YP_009725295.1@1-4405 ORF1a polyprotein [organism=Severe acute respiratory syndrome coronavirus 2] [isolate=Wuhan-Hu-1]
Length: 4405

Score: 13
E-value: 16154.650217967479

0     MSL  2   
      |||      
2718  MSL  2720

196   MSL  198 
      |||      
2718  MSL  2720


Frame: 1
Query: MSLSKCSNVDLKSVAMNANTVRLEPSLGEYPTLRRDLVECSCSVLTLSMVKRMGKMTNTVWLFGNPKNPLHQLEPGLEQLLDMYYKDMRCYSQRELSALRWPSGKPSVWFLQAAHMFFSIKNSWAMETGRENWRGLFHRITKSQKYLFEGDMILDSLEAIEKRRLRLGLPEILITGLSPILDVALLQIESLARLRGMSLNHHLFTSSSLRKPLLDCWDFFIPIRKKKTDGSYSVLDEDDEPGVLQGYPYLMAHYLNRCPFHNLIRFDEELRTAALDTIWGRDWPAIGDLPKEV
Length: 293
Subject: YP_009725299.1 nsp3 [polyprotein_range=YP_009724389.1@819-2763] [polyprotein=ORF1ab polyprotein] [organism=Severe acute respiratory syndrome coronavirus 2] [isolate=Wuhan-Hu-1]
Length: 1945

Score: 13
E-value: 16154.650217967479

0     MSL  2   
      |||      
1900  MSL  1902

196   MSL  198 
      |||      
1900  MSL  1902


Frame: 1
Query: MSLSKCSNVDLKSVAMNANTVRLEPSLGEYPTLRRDLVECSCSVLTLSMVKRMGKMTNTVWLFGNPKNPLHQLEPGLEQLLDMYYKDMRCYSQRELSALRWPSGKPSVWFLQAAHMFFSIKNSWAMETGRENWRGLFHRITKSQKYLFEGDMILDSLEAIEKRRLRLGLPEILITGLSPILDVALLQIESLARLRGMSLNHHLFTSSSLRKPLLDCWDFFIPIRKKKTDGSYSVLDEDDEPGVLQGYPYLMAHYLNRCPFHNLIRFDEELRTAALDTIWGRDWPAIGDLPKEV
Length: 293
Subject: YP_009725311.1 2'-O-ribose methyltransferase [polyprotein_range=YP_009724389.1@6799-7096] [polyprotein=ORF1ab polyprotein] [organism=Severe acute respiratory syndrome coronavirus 2] [isolate=Wuhan-Hu-1]
Length: 298

Score: 13
E-value: 16154.650217967479

0    MSL  2  
     |||     
259  MSL  261

196  MSL  198
     |||     
259  MSL  261


Frame: 1
Query: MSLSKCSNVDLKSVAMNANTVRLEPSLGEYPTLRRDLVECSCSVLTLSMVKRMGKMTNTVWLFGNPKNPLHQLEPGLEQLLDMYYKDMRCYSQRELSALRWPSGKPSVWFLQAAHMFFSIKNSWAMETGRENWRGLFHRITKSQKYLFEGDMILDSLEAIEKRRLRLGLPEILITGLSPILDVALLQIESLARLRGMSLNHHLFTSSSLRKPLLDCWDFFIPIRKKKTDGSYSVLDEDDEPGVLQGYPYLMAHYLNRCPFHNLIRFDEELRTAALDTIWGRDWPAIGDLPKEV
Length: 293
Subject: YP_009742610.1 nsp3 [polyprotein_range=YP_009725295.1@819-2763] [polyprotein=ORF1a polyprotein] [organism=Severe acute respiratory syndrome coronavirus 2] [isolate=Wuhan-Hu-1]
Length: 1945

Score: 13
E-value: 16154.650217967479

0     MSL  2   
      |||      
1900  MSL  1902

196   MSL  198 
      |||      
1900  MSL  1902


